###############################################################################
#
# IAR ELF Linker V8.30.1.114/W32 for ARM                  03/Sep/2018  23:16:51
# Copyright 2007-2018 IAR Systems AB.
#
#    Output file  =  
#        C:\Users\Lenovo\Desktop\class3\下位机程序_摄像头1队3月14日\下位机程序_摄像头1队3月14日\FLASH\Exe\Sirius.out
#    Map file     =  
#        C:\Users\Lenovo\Desktop\class3\下位机程序_摄像头1队3月14日\下位机程序_摄像头1队3月14日\FLASH\List\Sirius.map
#    Command line =  
#        -f C:\Users\Lenovo\AppData\Local\Temp\EWECAC.tmp
#        (C:\Users\Lenovo\Desktop\class3\下位机程序_摄像头1队3月14日\下位机程序_摄像头1队3月14日\FLASH\Obj\adc.o
#        C:\Users\Lenovo\Desktop\class3\下位机程序_摄像头1队3月14日\下位机程序_摄像头1队3月14日\FLASH\Obj\BatteryCheck.o
#        C:\Users\Lenovo\Desktop\class3\下位机程序_摄像头1队3月14日\下位机程序_摄像头1队3月14日\FLASH\Obj\CameraSet.o
#        C:\Users\Lenovo\Desktop\class3\下位机程序_摄像头1队3月14日\下位机程序_摄像头1队3月14日\FLASH\Obj\common.o
#        C:\Users\Lenovo\Desktop\class3\下位机程序_摄像头1队3月14日\下位机程序_摄像头1队3月14日\FLASH\Obj\crt0.o
#        C:\Users\Lenovo\Desktop\class3\下位机程序_摄像头1队3月14日\下位机程序_摄像头1队3月14日\FLASH\Obj\Debug.o
#        C:\Users\Lenovo\Desktop\class3\下位机程序_摄像头1队3月14日\下位机程序_摄像头1队3月14日\FLASH\Obj\DMA.o
#        C:\Users\Lenovo\Desktop\class3\下位机程序_摄像头1队3月14日\下位机程序_摄像头1队3月14日\FLASH\Obj\Flash.o
#        C:\Users\Lenovo\Desktop\class3\下位机程序_摄像头1队3月14日\下位机程序_摄像头1队3月14日\FLASH\Obj\Ftm.o
#        C:\Users\Lenovo\Desktop\class3\下位机程序_摄像头1队3月14日\下位机程序_摄像头1队3月14日\FLASH\Obj\Fuzzy.o
#        C:\Users\Lenovo\Desktop\class3\下位机程序_摄像头1队3月14日\下位机程序_摄像头1队3月14日\FLASH\Obj\gpio.o
#        C:\Users\Lenovo\Desktop\class3\下位机程序_摄像头1队3月14日\下位机程序_摄像头1队3月14日\FLASH\Obj\ImageGet.o
#        C:\Users\Lenovo\Desktop\class3\下位机程序_摄像头1队3月14日\下位机程序_摄像头1队3月14日\FLASH\Obj\ImagePro.o
#        C:\Users\Lenovo\Desktop\class3\下位机程序_摄像头1队3月14日\下位机程序_摄像头1队3月14日\FLASH\Obj\isr.o
#        C:\Users\Lenovo\Desktop\class3\下位机程序_摄像头1队3月14日\下位机程序_摄像头1队3月14日\FLASH\Obj\light.o
#        C:\Users\Lenovo\Desktop\class3\下位机程序_摄像头1队3月14日\下位机程序_摄像头1队3月14日\FLASH\Obj\LightHouse.o
#        C:\Users\Lenovo\Desktop\class3\下位机程序_摄像头1队3月14日\下位机程序_摄像头1队3月14日\FLASH\Obj\LQ12864.o
#        C:\Users\Lenovo\Desktop\class3\下位机程序_摄像头1队3月14日\下位机程序_摄像头1队3月14日\FLASH\Obj\main.o
#        C:\Users\Lenovo\Desktop\class3\下位机程序_摄像头1队3月14日\下位机程序_摄像头1队3月14日\FLASH\Obj\Pit.o
#        C:\Users\Lenovo\Desktop\class3\下位机程序_摄像头1队3月14日\下位机程序_摄像头1队3月14日\FLASH\Obj\RunControl.o
#        C:\Users\Lenovo\Desktop\class3\下位机程序_摄像头1队3月14日\下位机程序_摄像头1队3月14日\FLASH\Obj\SCCB.o
#        C:\Users\Lenovo\Desktop\class3\下位机程序_摄像头1队3月14日\下位机程序_摄像头1队3月14日\FLASH\Obj\start.o
#        C:\Users\Lenovo\Desktop\class3\下位机程序_摄像头1队3月14日\下位机程序_摄像头1队3月14日\FLASH\Obj\sysinit.o
#        C:\Users\Lenovo\Desktop\class3\下位机程序_摄像头1队3月14日\下位机程序_摄像头1队3月14日\FLASH\Obj\uart.o
#        C:\Users\Lenovo\Desktop\class3\下位机程序_摄像头1队3月14日\下位机程序_摄像头1队3月14日\FLASH\Obj\vectors.o
#        C:\Users\Lenovo\Desktop\class3\下位机程序_摄像头1队3月14日\下位机程序_摄像头1队3月14日\FLASH\Obj\VirtualScope.o
#        C:\Users\Lenovo\Desktop\class3\下位机程序_摄像头1队3月14日\下位机程序_摄像头1队3月14日\FLASH\Obj\wdog.o
#        --no_out_extension -o
#        C:\Users\Lenovo\Desktop\class3\下位机程序_摄像头1队3月14日\下位机程序_摄像头1队3月14日\FLASH\Exe\Sirius.out
#        --map
#        C:\Users\Lenovo\Desktop\class3\下位机程序_摄像头1队3月14日\下位机程序_摄像头1队3月14日\FLASH\List\Sirius.map
#        --config
#        C:\Users\Lenovo\Desktop\class3\下位机程序_摄像头1队3月14日\下位机程序_摄像头1队3月14日\src\Project_Settings\Link\Pflash.icf
#        --semihosting --entry __iar_program_start --vfe --text_out locale)
#
###############################################################################

*******************************************************************************
*** MESSAGES
***

Warning[Lt009]: Inconsistent wchar_t size
            adc.o and 25 other objects have wchar_t size 16 bits
            low_level_init.o(dl7M_tln.a) and 12 other objects in 11 different
                      libraries have wchar_t size 32 bits


*******************************************************************************
*** RUNTIME MODEL ATTRIBUTES
***

CppFlavor       = *
__SystemLibrary = DLib
__dlib_version  = 6


*******************************************************************************
*** HEAP SELECTION
***

The basic heap was selected because no calls to memory allocation
functions were found in the application outside of system library
functions, and there are calls to deallocation functions in the
application.


*******************************************************************************
*** PLACEMENT SUMMARY
***

"A0":  place at 0x0 { ro section .intvec };
"A1":  place at 0x410 { ro section .noinit };
define block CodeRelocate { section .textrw_init };
"P1":  place in [from 0x0 to 0x8'0000] { ro, block CodeRelocate };
define block CodeRelocateRam { section .textrw };
define block CSTACK with size = 4K, alignment = 8 { };
define block HEAP with size = 512, alignment = 8 { };
"P2":  place in [from 0x1fff'0410 to 0x2001'0000] {
          rw, block CodeRelocateRam, block CSTACK, block HEAP };
initialize manually with packing = copy, complex ranges { section .data };

No sections matched the following patterns:

  section .textrw       in block CodeRelocateRam
  section .textrw_init  in block CodeRelocate


  Section              Kind         Address     Size  Object
  -------              ----         -------     ----  ------
"A0":                                          0x410
  .intvec              const            0x0    0x410  vectors.o [1]
                                    - 0x410    0x410

"A1":                                           0x3c
  .noinit              ro code        0x410     0x3c  crt0.o [1]
                                    - 0x44c     0x3c

"P1", part 1 of 2:                           0x11f38
  .text                ro code        0x44c   0x91c0  ImagePro.o [1]
  .text                ro code       0x960c    0x224  uart.o [1]
  .text                ro code       0x9830     0x22  S32ToDbl.o [3]
  .text                ro code       0x9852     0x3a  zero_init3.o [4]
  .text                ro code       0x988c    0x1a2  DblMul.o [3]
  .text                ro code       0x9a2e      0x2  vectors.o [1]
  .text                ro code       0x9a30    0x246  DblDiv.o [3]
  .text                ro code       0x9c78     0x68  DblToFlt.o [3]
  .text                ro code       0x9ce0     0xd8  FltMul.o [3]
  .text                ro code       0x9db8     0xe2  FltAdd.o [3]
  .text                ro code       0x9e9c     0x48  FltToDbl.o [3]
  .text                ro code       0x9ee4     0xf2  sqrt.o [3]
  .text                ro code       0x9fd8     0x3a  DblToS32.o [3]
  .text                ro code       0xa014     0x24  S32ToFlt.o [3]
  .text                ro code       0xa038     0x14  light.o [1]
  .text                ro code       0xa04c    0x9c8  Fuzzy.o [1]
  .text                ro code       0xaa14     0x74  FltSub.o [3]
  .text                ro code       0xaa88     0xba  gpio.o [1]
  .text                ro code       0xab44   0x3b34  Debug.o [1]
  .text                ro code       0xe678    0x1a4  Flash.o [1]
  .text                ro code       0xe81c    0x4a8  LQ12864.o [1]
  .text                ro code       0xecc4      0x6  ABImemclr4.o [4]
  .text                ro code       0xeccc     0x32  ABImemset48.o [4]
  .text                ro code       0xed00    0xeac  RunControl.o [1]
  .rodata              const         0xfbac    0x5f0  LQ12864.o [1]
  .text                ro code     0x1'019c    0x38c  Ftm.o [1]
  .text                ro code     0x1'0528    0x360  isr.o [1]
  .text                ro code     0x1'0888    0x104  Pit.o [1]
  .text                ro code     0x1'098c    0x118  common.o [1]
  .text                ro code     0x1'0aa4     0xb8  ImageGet.o [1]
  .text                ro code     0x1'0b5c    0x34c  adc.o [1]
  .text                ro code     0x1'0ea8    0x2e8  VirtualScope.o [1]
  .text                ro code     0x1'1190    0x28c  main.o [1]
  .text                ro code     0x1'141c     0x44  BatteryCheck.o [1]
  .text                ro code     0x1'1460    0x12a  CameraSet.o [1]
  .text                ro code     0x1'158c    0x170  DMA.o [1]
  .text                ro code     0x1'16fc    0x246  SCCB.o [1]
  .rodata              const       0x1'1944    0x228  LQ12864.o [1]
  .text                ro code     0x1'1b6c    0x184  sysinit.o [1]
  .data_init                       0x1'1cf0    0x16c  <Block>
    Initializer bytes  const       0x1'1cf0    0x16c  <for .data-1>
  .text                ro code     0x1'1e5c     0xb0  start.o [1]
  .text                ro code     0x1'1f0c     0x38  wdog.o [1]
  .rodata              const       0x1'1f44     0x50  ImagePro.o [1]
  .rodata              const       0x1'1f94     0x3c  ImageGet.o [1]
  .rodata              const       0x1'1fd0     0x3c  ImagePro.o [1]
  .rodata              const       0x1'200c     0x3c  ImagePro.o [1]
  .rodata              const       0x1'2048     0x3c  ImagePro.o [1]
  .rodata              const       0x1'2084     0x3c  ImagePro.o [1]
  .rodata              const       0x1'20c0     0x3c  ImagePro.o [1]
  .rodata              const       0x1'20fc     0x3c  ImagePro.o [1]
  .rodata              const       0x1'2138     0x30  CameraSet.o [1]
  .rodata              const       0x1'2168     0x28  CameraSet.o [1]
  .text                ro code     0x1'2190     0x28  data_init.o [4]
  .iar.init_table      const       0x1'21b8     0x10  - Linker created -
  .rodata              const       0x1'21c8     0x20  CameraSet.o [1]
  .rodata              const       0x1'21e8     0x20  ImagePro.o [1]
  .rodata              const       0x1'2208     0x20  ImagePro.o [1]
  .rodata              const       0x1'2228     0x20  ImagePro.o [1]
  .text                ro code     0x1'2248     0x1e  cmain.o [4]
  .text                ro code     0x1'2266      0x4  low_level_init.o [2]
  .text                ro code     0x1'226a      0x4  exit.o [2]
  .text                ro code     0x1'2270      0xa  cexit.o [4]
  .text                ro code     0x1'227c     0x14  exit.o [5]
  .rodata              const       0x1'2290     0x18  isr.o [1]
  .rodata              const       0x1'22a8     0x18  isr.o [1]
  .rodata              const       0x1'22c0     0x18  isr.o [1]
  .rodata              const       0x1'22d8     0x18  main.o [1]
  .rodata              const       0x1'22f0     0x18  main.o [1]
  .rodata              const       0x1'2308     0x10  main.o [1]
  .rodata              const       0x1'2318      0xc  isr.o [1]
  .rodata              const       0x1'2324      0xc  isr.o [1]
  .rodata              const       0x1'2330      0xc  LQ12864.o [1]
  .rodata              const       0x1'233c      0xc  main.o [1]
  .rodata              const       0x1'2348      0xc  RunControl.o [1]
  .text                ro code     0x1'2354      0xc  cstartup_M.o [4]
  .rodata              const       0x1'2360      0x8  CameraSet.o [1]
  .rodata              const       0x1'2368      0x8  main.o [1]
  .rodata              const       0x1'2370      0x8  RunControl.o [1]
  .rodata              const       0x1'2378      0x8  RunControl.o [1]
  .rodata              const       0x1'2380      0x4  ImagePro.o [1]
  .rodata              const       0x1'2384      0x0  zero_init3.o [4]
                                 - 0x1'2384  0x11f38

"P1", part 2 of 2:                               0x0
  CodeRelocate                     0x1'2384      0x0  <Block>

"P2", part 1 of 3:                             0x16c
  .data                         0x1fff'0410    0x16c  <Block>
    .data-1                     0x1fff'0410    0x16a  <Init block>
      .data            inited   0x1fff'0410      0xc  Fuzzy.o [1]
      .data            inited   0x1fff'041c      0x4  ImagePro.o [1]
      .data            inited   0x1fff'0420      0x4  ImagePro.o [1]
      .data            inited   0x1fff'0424      0x4  ImagePro.o [1]
      .data            inited   0x1fff'0428      0x4  ImagePro.o [1]
      .data            inited   0x1fff'042c     0x10  RunControl.o [1]
      .data            inited   0x1fff'043c     0x10  RunControl.o [1]
      .data            inited   0x1fff'044c     0x10  RunControl.o [1]
      .data            inited   0x1fff'045c      0xc  RunControl.o [1]
      .data            inited   0x1fff'0468     0xc8  RunControl.o [1]
      .data            inited   0x1fff'0530      0x4  RunControl.o [1]
      .data            inited   0x1fff'0534      0x4  RunControl.o [1]
      .data            inited   0x1fff'0538      0x2  Ftm.o [1]
      .data            inited   0x1fff'053a      0x2  RunControl.o [1]
      .data            inited   0x1fff'053c      0x2  RunControl.o [1]
      .data            inited   0x1fff'053e      0x2  RunControl.o [1]
      .data            inited   0x1fff'0540      0x2  RunControl.o [1]
      .data            inited   0x1fff'0542      0x2  RunControl.o [1]
      .data            inited   0x1fff'0544      0x2  RunControl.o [1]
      .data            inited   0x1fff'0546      0x2  RunControl.o [1]
      .data            inited   0x1fff'0548      0x1  adc.o [1]
      .data            inited   0x1fff'0549      0x1  adc.o [1]
      .data            inited   0x1fff'054a      0x1  CameraSet.o [1]
      .data            inited   0x1fff'054b      0x1  Debug.o [1]
      .data            inited   0x1fff'054c      0x1  ImageGet.o [1]
      .data            inited   0x1fff'054d      0x1  ImagePro.o [1]
      .data            inited   0x1fff'054e      0x1  ImagePro.o [1]
      .data            inited   0x1fff'054f      0x1  ImagePro.o [1]
      .data            inited   0x1fff'0550      0x1  ImagePro.o [1]
      .data            inited   0x1fff'0551      0x1  ImagePro.o [1]
      .data            inited   0x1fff'0552      0x1  ImagePro.o [1]
      .data            inited   0x1fff'0553      0x1  ImagePro.o [1]
      .data            inited   0x1fff'0554      0x1  ImagePro.o [1]
      .data            inited   0x1fff'0555      0x1  ImagePro.o [1]
      .data            inited   0x1fff'0556      0x1  ImagePro.o [1]
      .data            inited   0x1fff'0557      0x1  ImagePro.o [1]
      .data            inited   0x1fff'0558      0x1  ImagePro.o [1]
      .data            inited   0x1fff'0559      0x1  ImagePro.o [1]
      .data            inited   0x1fff'055a      0x1  ImagePro.o [1]
      .data            inited   0x1fff'055b      0x1  ImagePro.o [1]
      .data            inited   0x1fff'055c      0x1  ImagePro.o [1]
      .data            inited   0x1fff'055d      0x1  ImagePro.o [1]
      .data            inited   0x1fff'055e      0x1  ImagePro.o [1]
      .data            inited   0x1fff'055f      0x1  ImagePro.o [1]
      .data            inited   0x1fff'0560      0x1  ImagePro.o [1]
      .data            inited   0x1fff'0561      0x1  ImagePro.o [1]
      .data            inited   0x1fff'0562      0x1  ImagePro.o [1]
      .data            inited   0x1fff'0563      0x1  ImagePro.o [1]
      .data            inited   0x1fff'0564      0x1  ImagePro.o [1]
      .data            inited   0x1fff'0565      0x1  ImagePro.o [1]
      .data            inited   0x1fff'0566      0x1  ImagePro.o [1]
      .data            inited   0x1fff'0567      0x1  ImagePro.o [1]
      .data            inited   0x1fff'0568      0x1  ImagePro.o [1]
      .data            inited   0x1fff'0569      0x1  ImagePro.o [1]
      .data            inited   0x1fff'056a      0x1  ImagePro.o [1]
      .data            inited   0x1fff'056b      0x1  ImagePro.o [1]
      .data            inited   0x1fff'056c      0x1  ImagePro.o [1]
      .data            inited   0x1fff'056d      0x1  ImagePro.o [1]
      .data            inited   0x1fff'056e      0x1  ImagePro.o [1]
      .data            inited   0x1fff'056f      0x1  ImagePro.o [1]
      .data            inited   0x1fff'0570      0x1  ImagePro.o [1]
      .data            inited   0x1fff'0571      0x1  ImagePro.o [1]
      .data            inited   0x1fff'0572      0x1  ImagePro.o [1]
      .data            inited   0x1fff'0573      0x1  ImagePro.o [1]
      .data            inited   0x1fff'0574      0x1  ImagePro.o [1]
      .data            inited   0x1fff'0575      0x1  ImagePro.o [1]
      .data            inited   0x1fff'0576      0x1  ImagePro.o [1]
      .data            inited   0x1fff'0577      0x1  ImagePro.o [1]
      .data            inited   0x1fff'0578      0x1  ImagePro.o [1]
      .data            inited   0x1fff'0579      0x1  VirtualScope.o [1]
                              - 0x1fff'057c    0x16c

"P2", part 2 of 3:                            0xdd78
  .bss                          0x1fff'057c   0xdd78  <Block>
    .bss               zero     0x1fff'057c      0x4  adc.o [1]
    .bss               zero     0x1fff'0580     0x14  adc.o [1]
    .bss               zero     0x1fff'0594   0x4b00  CameraSet.o [1]
    .bss               zero     0x1fff'5094   0x4b00  CameraSet.o [1]
    .bss               zero     0x1fff'9b94      0x4  Debug.o [1]
    .bss               zero     0x1fff'9b98      0x8  Debug.o [1]
    .bss               zero     0x1fff'9ba0      0x8  Debug.o [1]
    .bss               zero     0x1fff'9ba8     0x78  Debug.o [1]
    .bss               zero     0x1fff'9c20     0x2c  Fuzzy.o [1]
    .bss               zero     0x1fff'9c4c     0x24  Fuzzy.o [1]
    .bss               zero     0x1fff'9c70      0x4  Fuzzy.o [1]
    .bss               zero     0x1fff'9c74      0x4  ImageGet.o [1]
    .bss               zero     0x1fff'9c78      0x4  ImageGet.o [1]
    .bss               zero     0x1fff'9c7c      0x4  ImagePro.o [1]
    .bss               zero     0x1fff'9c80      0x4  ImagePro.o [1]
    .bss               zero     0x1fff'9c84   0x3a98  ImagePro.o [1]
    .bss               zero     0x1fff'd71c     0xb4  ImagePro.o [1]
    .bss               zero     0x1fff'd7d0     0xb4  ImagePro.o [1]
    .bss               zero     0x1fff'd884     0x3c  ImagePro.o [1]
    .bss               zero     0x1fff'd8c0     0xf0  ImagePro.o [1]
    .bss               zero     0x1fff'd9b0     0x3c  ImagePro.o [1]
    .bss               zero     0x1fff'd9ec     0xf0  ImagePro.o [1]
    .bss               zero     0x1fff'dadc      0x8  ImagePro.o [1]
    .bss               zero     0x1fff'dae4      0x8  ImagePro.o [1]
    .bss               zero     0x1fff'daec      0x8  ImagePro.o [1]
    .bss               zero     0x1fff'daf4      0x8  ImagePro.o [1]
    .bss               zero     0x1fff'dafc      0x8  ImagePro.o [1]
    .bss               zero     0x1fff'db04      0x8  ImagePro.o [1]
    .bss               zero     0x1fff'db0c      0x8  ImagePro.o [1]
    .bss               zero     0x1fff'db14      0x8  ImagePro.o [1]
    .bss               zero     0x1fff'db1c      0x8  ImagePro.o [1]
    .bss               zero     0x1fff'db24      0x8  ImagePro.o [1]
    .bss               zero     0x1fff'db2c      0x8  ImagePro.o [1]
    .bss               zero     0x1fff'db34     0x3c  ImagePro.o [1]
    .bss               zero     0x1fff'db70     0x78  ImagePro.o [1]
    .bss               zero     0x1fff'dbe8    0x1e0  ImagePro.o [1]
    .bss               zero     0x1fff'ddc8    0x1e0  ImagePro.o [1]
    .bss               zero     0x1fff'dfa8      0x4  ImagePro.o [1]
    .bss               zero     0x1fff'dfac      0x4  ImagePro.o [1]
    .bss               zero     0x1fff'dfb0      0x4  ImagePro.o [1]
    .bss               zero     0x1fff'dfb4      0x4  ImagePro.o [1]
    .bss               zero     0x1fff'dfb8      0x4  ImagePro.o [1]
    .bss               zero     0x1fff'dfbc      0x4  ImagePro.o [1]
    .bss               zero     0x1fff'dfc0      0x4  ImagePro.o [1]
    .bss               zero     0x1fff'dfc4      0x8  ImagePro.o [1]
    .bss               zero     0x1fff'dfcc      0x8  ImagePro.o [1]
    .bss               zero     0x1fff'dfd4      0x8  ImagePro.o [1]
    .bss               zero     0x1fff'dfdc      0x8  ImagePro.o [1]
    .bss               zero     0x1fff'dfe4     0x3c  ImagePro.o [1]
    .bss               zero     0x1fff'e020     0x3c  ImagePro.o [1]
    .bss               zero     0x1fff'e05c     0x3c  ImagePro.o [1]
    .bss               zero     0x1fff'e098     0x3c  ImagePro.o [1]
    .bss               zero     0x1fff'e0d4     0x3c  ImagePro.o [1]
    .bss               zero     0x1fff'e110     0x3c  ImagePro.o [1]
    .bss               zero     0x1fff'e14c     0x3c  ImagePro.o [1]
    .bss               zero     0x1fff'e188      0x4  ImagePro.o [1]
    .bss               zero     0x1fff'e18c      0x4  isr.o [1]
    .bss               zero     0x1fff'e190      0x4  isr.o [1]
    .bss               zero     0x1fff'e194      0x4  isr.o [1]
    .bss               zero     0x1fff'e198      0x4  RunControl.o [1]
    .bss               zero     0x1fff'e19c      0x4  RunControl.o [1]
    .bss               zero     0x1fff'e1a0      0x4  RunControl.o [1]
    .bss               zero     0x1fff'e1a4      0x4  RunControl.o [1]
    .bss               zero     0x1fff'e1a8      0x4  RunControl.o [1]
    .bss               zero     0x1fff'e1ac      0x4  RunControl.o [1]
    .bss               zero     0x1fff'e1b0      0x4  RunControl.o [1]
    .bss               zero     0x1fff'e1b4      0x4  RunControl.o [1]
    .bss               zero     0x1fff'e1b8      0x4  RunControl.o [1]
    .bss               zero     0x1fff'e1bc      0x4  RunControl.o [1]
    .bss               zero     0x1fff'e1c0      0x4  RunControl.o [1]
    .bss               zero     0x1fff'e1c4      0x4  RunControl.o [1]
    .bss               zero     0x1fff'e1c8      0x4  RunControl.o [1]
    .bss               zero     0x1fff'e1cc      0x4  sysinit.o [1]
    .bss               zero     0x1fff'e1d0      0x4  sysinit.o [1]
    .bss               zero     0x1fff'e1d4      0x4  sysinit.o [1]
    .bss               zero     0x1fff'e1d8      0x4  VirtualScope.o [1]
    .bss               zero     0x1fff'e1dc      0x4  VirtualScope.o [1]
    .bss               zero     0x1fff'e1e0      0x4  VirtualScope.o [1]
    .bss               zero     0x1fff'e1e4      0x4  VirtualScope.o [1]
    .bss               zero     0x1fff'e1e8      0x4  VirtualScope.o [1]
    .bss               zero     0x1fff'e1ec      0x4  VirtualScope.o [1]
    .bss               zero     0x1fff'e1f0      0x4  VirtualScope.o [1]
    .bss               zero     0x1fff'e1f4      0x4  VirtualScope.o [1]
    .bss               zero     0x1fff'e1f8      0x4  VirtualScope.o [1]
    .bss               zero     0x1fff'e1fc      0x4  VirtualScope.o [1]
    .bss               zero     0x1fff'e200      0x4  VirtualScope.o [1]
    .bss               zero     0x1fff'e204      0x4  VirtualScope.o [1]
    .bss               zero     0x1fff'e208      0x4  VirtualScope.o [1]
    .bss               zero     0x1fff'e20c      0x4  VirtualScope.o [1]
    .bss               zero     0x1fff'e210     0x24  VirtualScope.o [1]
    .bss               zero     0x1fff'e234      0x2  adc.o [1]
    .bss               zero     0x1fff'e236      0x2  adc.o [1]
    .bss               zero     0x1fff'e238      0x2  adc.o [1]
    .bss               zero     0x1fff'e23a      0x2  adc.o [1]
    .bss               zero     0x1fff'e23c      0x2  BatteryCheck.o [1]
    .bss               zero     0x1fff'e23e      0x2  Fuzzy.o [1]
    .bss               zero     0x1fff'e240      0x2  Fuzzy.o [1]
    .bss               zero     0x1fff'e242      0x2  Fuzzy.o [1]
    .bss               zero     0x1fff'e244      0x2  Fuzzy.o [1]
    .bss               zero     0x1fff'e246      0x2  Fuzzy.o [1]
    .bss               zero     0x1fff'e248      0x2  Fuzzy.o [1]
    .bss               zero     0x1fff'e24a      0x2  Fuzzy.o [1]
    .bss               zero     0x1fff'e24c      0x2  ImageGet.o [1]
    .bss               zero     0x1fff'e24e      0x2  ImageGet.o [1]
    .bss               zero     0x1fff'e250      0x2  ImagePro.o [1]
    .bss               zero     0x1fff'e252      0x2  ImagePro.o [1]
    .bss               zero     0x1fff'e254      0x2  ImagePro.o [1]
    .bss               zero     0x1fff'e256      0x2  ImagePro.o [1]
    .bss               zero     0x1fff'e258      0x2  ImagePro.o [1]
    .bss               zero     0x1fff'e25a      0x2  ImagePro.o [1]
    .bss               zero     0x1fff'e25c      0x2  ImagePro.o [1]
    .bss               zero     0x1fff'e25e      0x2  ImagePro.o [1]
    .bss               zero     0x1fff'e260      0x2  ImagePro.o [1]
    .bss               zero     0x1fff'e262      0x2  ImagePro.o [1]
    .bss               zero     0x1fff'e264      0x2  RunControl.o [1]
    .bss               zero     0x1fff'e266      0x2  RunControl.o [1]
    .bss               zero     0x1fff'e268      0x2  RunControl.o [1]
    .bss               zero     0x1fff'e26a      0x2  RunControl.o [1]
    .bss               zero     0x1fff'e26c      0x2  RunControl.o [1]
    .bss               zero     0x1fff'e26e      0x2  RunControl.o [1]
    .bss               zero     0x1fff'e270      0x2  RunControl.o [1]
    .bss               zero     0x1fff'e272      0x2  RunControl.o [1]
    .bss               zero     0x1fff'e274      0x2  RunControl.o [1]
    .bss               zero     0x1fff'e276      0x2  RunControl.o [1]
    .bss               zero     0x1fff'e278      0x2  VirtualScope.o [1]
    .bss               zero     0x1fff'e27a      0x1  adc.o [1]
    .bss               zero     0x1fff'e27b      0x1  adc.o [1]
    .bss               zero     0x1fff'e27c      0x1  adc.o [1]
    .bss               zero     0x1fff'e27d      0x1  Debug.o [1]
    .bss               zero     0x1fff'e27e      0x1  Debug.o [1]
    .bss               zero     0x1fff'e27f      0x1  Debug.o [1]
    .bss               zero     0x1fff'e280      0x1  Debug.o [1]
    .bss               zero     0x1fff'e281      0x1  Debug.o [1]
    .bss               zero     0x1fff'e282      0x1  Debug.o [1]
    .bss               zero     0x1fff'e283      0x1  Debug.o [1]
    .bss               zero     0x1fff'e284      0x1  Fuzzy.o [1]
    .bss               zero     0x1fff'e285      0x1  ImagePro.o [1]
    .bss               zero     0x1fff'e286      0x1  ImagePro.o [1]
    .bss               zero     0x1fff'e287      0x1  ImagePro.o [1]
    .bss               zero     0x1fff'e288      0x1  ImagePro.o [1]
    .bss               zero     0x1fff'e289      0x1  ImagePro.o [1]
    .bss               zero     0x1fff'e28a      0x1  ImagePro.o [1]
    .bss               zero     0x1fff'e28b      0x1  ImagePro.o [1]
    .bss               zero     0x1fff'e28c      0x1  ImagePro.o [1]
    .bss               zero     0x1fff'e28d      0x1  ImagePro.o [1]
    .bss               zero     0x1fff'e28e      0x1  ImagePro.o [1]
    .bss               zero     0x1fff'e28f      0x1  ImagePro.o [1]
    .bss               zero     0x1fff'e290      0x1  ImagePro.o [1]
    .bss               zero     0x1fff'e291      0x1  ImagePro.o [1]
    .bss               zero     0x1fff'e292      0x1  ImagePro.o [1]
    .bss               zero     0x1fff'e293      0x1  ImagePro.o [1]
    .bss               zero     0x1fff'e294      0x1  ImagePro.o [1]
    .bss               zero     0x1fff'e295      0x1  ImagePro.o [1]
    .bss               zero     0x1fff'e296      0x1  ImagePro.o [1]
    .bss               zero     0x1fff'e297      0x1  ImagePro.o [1]
    .bss               zero     0x1fff'e298      0x1  ImagePro.o [1]
    .bss               zero     0x1fff'e299      0x1  ImagePro.o [1]
    .bss               zero     0x1fff'e29a      0x1  ImagePro.o [1]
    .bss               zero     0x1fff'e29b      0x1  ImagePro.o [1]
    .bss               zero     0x1fff'e29c      0x1  ImagePro.o [1]
    .bss               zero     0x1fff'e29d      0x1  ImagePro.o [1]
    .bss               zero     0x1fff'e29e      0x1  ImagePro.o [1]
    .bss               zero     0x1fff'e29f      0x1  ImagePro.o [1]
    .bss               zero     0x1fff'e2a0      0x1  ImagePro.o [1]
    .bss               zero     0x1fff'e2a1      0x1  ImagePro.o [1]
    .bss               zero     0x1fff'e2a2      0x1  ImagePro.o [1]
    .bss               zero     0x1fff'e2a3      0x1  ImagePro.o [1]
    .bss               zero     0x1fff'e2a4      0x1  ImagePro.o [1]
    .bss               zero     0x1fff'e2a5      0x1  ImagePro.o [1]
    .bss               zero     0x1fff'e2a6      0x1  ImagePro.o [1]
    .bss               zero     0x1fff'e2a7      0x1  ImagePro.o [1]
    .bss               zero     0x1fff'e2a8      0x1  ImagePro.o [1]
    .bss               zero     0x1fff'e2a9      0x1  ImagePro.o [1]
    .bss               zero     0x1fff'e2aa      0x1  ImagePro.o [1]
    .bss               zero     0x1fff'e2ab      0x1  ImagePro.o [1]
    .bss               zero     0x1fff'e2ac      0x1  ImagePro.o [1]
    .bss               zero     0x1fff'e2ad      0x1  ImagePro.o [1]
    .bss               zero     0x1fff'e2ae      0x1  ImagePro.o [1]
    .bss               zero     0x1fff'e2af      0x1  ImagePro.o [1]
    .bss               zero     0x1fff'e2b0      0x1  ImagePro.o [1]
    .bss               zero     0x1fff'e2b1      0x1  ImagePro.o [1]
    .bss               zero     0x1fff'e2b2      0x1  ImagePro.o [1]
    .bss               zero     0x1fff'e2b3      0x1  ImagePro.o [1]
    .bss               zero     0x1fff'e2b4      0x1  ImagePro.o [1]
    .bss               zero     0x1fff'e2b5      0x1  ImagePro.o [1]
    .bss               zero     0x1fff'e2b6      0x1  ImagePro.o [1]
    .bss               zero     0x1fff'e2b7      0x1  ImagePro.o [1]
    .bss               zero     0x1fff'e2b8      0x1  ImagePro.o [1]
    .bss               zero     0x1fff'e2b9      0x1  ImagePro.o [1]
    .bss               zero     0x1fff'e2ba      0x1  ImagePro.o [1]
    .bss               zero     0x1fff'e2bb      0x1  ImagePro.o [1]
    .bss               zero     0x1fff'e2bc      0x1  ImagePro.o [1]
    .bss               zero     0x1fff'e2bd      0x1  ImagePro.o [1]
    .bss               zero     0x1fff'e2be      0x1  ImagePro.o [1]
    .bss               zero     0x1fff'e2bf      0x1  ImagePro.o [1]
    .bss               zero     0x1fff'e2c0      0x1  ImagePro.o [1]
    .bss               zero     0x1fff'e2c1      0x1  ImagePro.o [1]
    .bss               zero     0x1fff'e2c2      0x1  ImagePro.o [1]
    .bss               zero     0x1fff'e2c3      0x1  ImagePro.o [1]
    .bss               zero     0x1fff'e2c4      0x1  ImagePro.o [1]
    .bss               zero     0x1fff'e2c5      0x1  ImagePro.o [1]
    .bss               zero     0x1fff'e2c6      0x1  ImagePro.o [1]
    .bss               zero     0x1fff'e2c7      0x1  ImagePro.o [1]
    .bss               zero     0x1fff'e2c8      0x1  ImagePro.o [1]
    .bss               zero     0x1fff'e2c9      0x1  ImagePro.o [1]
    .bss               zero     0x1fff'e2ca      0x1  ImagePro.o [1]
    .bss               zero     0x1fff'e2cb      0x1  ImagePro.o [1]
    .bss               zero     0x1fff'e2cc      0x1  ImagePro.o [1]
    .bss               zero     0x1fff'e2cd      0x1  ImagePro.o [1]
    .bss               zero     0x1fff'e2ce      0x1  ImagePro.o [1]
    .bss               zero     0x1fff'e2cf      0x1  ImagePro.o [1]
    .bss               zero     0x1fff'e2d0      0x1  ImagePro.o [1]
    .bss               zero     0x1fff'e2d1      0x1  ImagePro.o [1]
    .bss               zero     0x1fff'e2d2      0x1  ImagePro.o [1]
    .bss               zero     0x1fff'e2d3      0x1  ImagePro.o [1]
    .bss               zero     0x1fff'e2d4      0x1  ImagePro.o [1]
    .bss               zero     0x1fff'e2d5      0x1  ImagePro.o [1]
    .bss               zero     0x1fff'e2d6      0x1  ImagePro.o [1]
    .bss               zero     0x1fff'e2d7      0x1  ImagePro.o [1]
    .bss               zero     0x1fff'e2d8      0x1  ImagePro.o [1]
    .bss               zero     0x1fff'e2d9      0x1  ImagePro.o [1]
    .bss               zero     0x1fff'e2da      0x1  ImagePro.o [1]
    .bss               zero     0x1fff'e2db      0x1  ImagePro.o [1]
    .bss               zero     0x1fff'e2dc      0x1  ImagePro.o [1]
    .bss               zero     0x1fff'e2dd      0x1  ImagePro.o [1]
    .bss               zero     0x1fff'e2de      0x1  ImagePro.o [1]
    .bss               zero     0x1fff'e2df      0x1  isr.o [1]
    .bss               zero     0x1fff'e2e0      0x1  isr.o [1]
    .bss               zero     0x1fff'e2e1      0x1  isr.o [1]
    .bss               zero     0x1fff'e2e2      0x1  isr.o [1]
    .bss               zero     0x1fff'e2e3      0x1  isr.o [1]
    .bss               zero     0x1fff'e2e4      0x1  isr.o [1]
    .bss               zero     0x1fff'e2e5      0x1  isr.o [1]
    .bss               zero     0x1fff'e2e6      0x1  isr.o [1]
    .bss               zero     0x1fff'e2e7      0x1  isr.o [1]
    .bss               zero     0x1fff'e2e8      0x1  isr.o [1]
    .bss               zero     0x1fff'e2e9      0x1  isr.o [1]
    .bss               zero     0x1fff'e2ea      0x1  LightHouse.o [1]
    .bss               zero     0x1fff'e2eb      0x1  RunControl.o [1]
    .bss               zero     0x1fff'e2ec      0x1  RunControl.o [1]
    .bss               zero     0x1fff'e2ed      0x1  RunControl.o [1]
    .bss               zero     0x1fff'e2ee      0x1  RunControl.o [1]
    .bss               zero     0x1fff'e2ef      0x1  RunControl.o [1]
    .bss               zero     0x1fff'e2f0      0x1  RunControl.o [1]
    .bss               zero     0x1fff'e2f1      0x1  RunControl.o [1]
    .bss               zero     0x1fff'e2f2      0x1  RunControl.o [1]
    .bss               zero     0x1fff'e2f3      0x1  RunControl.o [1]
                              - 0x1fff'e2f4   0xdd78

"P2", part 3 of 3:                               0x0
  CodeRelocateRam               0x1fff'e2f4      0x0  <Block>

Unused ranges:

         From           To      Size
         ----           --      ----
     0x1'2384     0x8'0000  0x6'dc7d
  0x1fff'e2f4  0x2001'0000  0x1'1d0d


*******************************************************************************
*** INIT TABLE
***

          Address      Size
          -------      ----
Zero (__iar_zero_init3)
    1 destination range, total size 0xdd78:
          0x1fff'057c  0xdd78



*******************************************************************************
*** MODULE SUMMARY
***

    Module            ro code  ro data  rw data
    ------            -------  -------  -------
command line/config:
    -------------------------------------------
    Total:

C:\Users\Lenovo\Desktop\class3\下位机程序_摄像头1队3月14日\下位机程序_摄像头1队3月14日\FLASH\Obj: [1]
    BatteryCheck.o         68                 2
    CameraSet.o           298      129   38 401
    DMA.o                 368
    Debug.o            15 156        1      148
    Flash.o               420
    Ftm.o                 908        2        2
    Fuzzy.o             2 504       12      111
    ImageGet.o            184       61       13
    ImagePro.o         37 312      600   17 850
    LQ12864.o           1 192    2 084
    LightHouse.o                              1
    Pit.o                 260
    RunControl.o        3 756      310      363
    SCCB.o                582
    VirtualScope.o        744        1       95
    adc.o                 844        2       37
    common.o              280
    crt0.o                 60
    gpio.o                186
    isr.o                 864       96       23
    light.o                20
    main.o                652       84
    start.o               176
    sysinit.o             388                12
    uart.o                548
    vectors.o               2    1 040
    wdog.o                 56
    -------------------------------------------
    Total:             67 828    4 422   57 058

dl7M_tln.a: [2]
    exit.o                  4
    low_level_init.o        4
    -------------------------------------------
    Total:                  8

m7M_tl.a: [3]
    DblDiv.o              582
    DblMul.o              418
    DblToFlt.o            104
    DblToS32.o             58
    FltAdd.o              226
    FltMul.o              216
    FltSub.o              116
    FltToDbl.o             72
    S32ToDbl.o             34
    S32ToFlt.o             36
    sqrt.o                242
    -------------------------------------------
    Total:              2 104

rt7M_tl.a: [4]
    ABImemclr4.o            6
    ABImemset48.o          50
    cexit.o                10
    cmain.o                30
    cstartup_M.o           12
    data_init.o            40
    zero_init3.o           58
    -------------------------------------------
    Total:                206

shb_l.a: [5]
    exit.o                 20
    -------------------------------------------
    Total:                 20

    Gaps                   20        2
    Linker created                  18
-----------------------------------------------
    Grand Total:       70 186    4 442   57 058


*******************************************************************************
*** ENTRY LIST
***

Entry                       Address    Size  Type      Object
-----                       -------    ----  ----      ------
.bss$$Base              0x1fff'057c           --   Gb  - Linker created -
.bss$$Limit             0x1fff'e2f4           --   Gb  - Linker created -
.data$$Base             0x1fff'0410           --   Gb  - Linker created -
.data$$Limit            0x1fff'057c           --   Gb  - Linker created -
.data_init$$Base           0x1'1cf0           --   Gb  - Linker created -
.data_init$$Limit          0x1'1e5c           --   Gb  - Linker created -
.iar.init_table$$Base      0x1'21b8           --   Gb  - Linker created -
.iar.init_table$$Limit     0x1'21c8           --   Gb  - Linker created -
?main                      0x1'2249          Code  Gb  cmain.o [4]
ADResult0               0x1fff'e234     0x2  Data  Gb  adc.o [1]
ADResult1               0x1fff'e236     0x2  Data  Gb  adc.o [1]
ADResult2               0x1fff'e238     0x2  Data  Gb  adc.o [1]
ADResultCom             0x1fff'e23a     0x2  Data  Gb  adc.o [1]
AbsInt                        0x44d     0x8  Code  Gb  ImagePro.o [1]
AbsRe                         0x477     0xc  Code  Gb  ImagePro.o [1]
AngleConfirmLockFlag    0x1fff'e2b7     0x1  Data  Gb  ImagePro.o [1]
AngleConfirmMat         0x1fff'db1c     0x8  Data  Gb  ImagePro.o [1]
AngleSpeDealFlag        0x1fff'e2b6     0x1  Data  Gb  ImagePro.o [1]
AngleZoneConfirmLockFlag
                        0x1fff'e2b5     0x1  Data  Gb  ImagePro.o [1]
AngleZoneJudgeColL      0x1fff'dae4     0x8  Data  Gb  ImagePro.o [1]
AngleZoneJudgeColLFlag  0x1fff'daec     0x8  Data  Gb  ImagePro.o [1]
AngleZoneJudgeColR      0x1fff'db04     0x8  Data  Gb  ImagePro.o [1]
AngleZoneJudgeColRFlag  0x1fff'db0c     0x8  Data  Gb  ImagePro.o [1]
AngleZoneJudgeCountColL
                        0x1fff'daf4     0x8  Data  Gb  ImagePro.o [1]
AngleZoneJudgeCountColR
                        0x1fff'db14     0x8  Data  Gb  ImagePro.o [1]
AngleZoneJudgeRowL      0x1fff'dadc     0x8  Data  Gb  ImagePro.o [1]
AngleZoneJudgeRowR      0x1fff'dafc     0x8  Data  Gb  ImagePro.o [1]
BatteryCheckInit           0x1'141d     0xc  Code  Gb  BatteryCheck.o [1]
BatteryCheckUpdate         0x1'1429    0x2e  Code  Gb  BatteryCheck.o [1]
BatteryCheckVal         0x1fff'e23c     0x2  Data  Gb  BatteryCheck.o [1]
BlackBigChangeFinalCheck
                             0x5c6d     0x4  Code  Gb  ImagePro.o [1]
BlackBigChangeFinalCheckFlag
                        0x1fff'e2dc     0x1  Data  Gb  ImagePro.o [1]
BlackCenEdgeStartCol    0x1fff'e28a     0x1  Data  Gb  ImagePro.o [1]
BlackGet                     0x5c71   0x24a  Code  Gb  ImagePro.o [1]
BlackGetLeft                 0x2ac1   0x6ac  Code  Gb  ImagePro.o [1]
BlackGetLeftCrossSpeScan
                             0x1cd9   0x154  Code  Gb  ImagePro.o [1]
BlackGetLeftCrossSpeWin
                             0x1b2f   0x194  Code  Gb  ImagePro.o [1]
BlackGetLeftJustWin           0x9a5   0x29e  Code  Gb  ImagePro.o [1]
BlackGetLeftParaInit         0x2979   0x10e  Code  Gb  ImagePro.o [1]
BlackGetLeftStep1Edge         0xc6d   0x804  Code  Gb  ImagePro.o [1]
BlackGetLeftStep1Scan        0x1649   0x236  Code  Gb  ImagePro.o [1]
BlackGetLeftStep2Win         0x1489   0x1b4  Code  Gb  ImagePro.o [1]
BlackGetPre                  0x5ac9    0xf0  Code  Gb  ImagePro.o [1]
BlackGetPreDir          0x1fff'e28b     0x1  Data  Gb  ImagePro.o [1]
BlackGetRight                0x5481   0x648  Code  Gb  ImagePro.o [1]
BlackGetRightCrossSpeScan
                             0x4665   0x154  Code  Gb  ImagePro.o [1]
BlackGetRightCrossSpeWin
                             0x44c7   0x194  Code  Gb  ImagePro.o [1]
BlackGetRightJustWin         0x3561   0x192  Code  Gb  ImagePro.o [1]
BlackGetRightParaInit        0x532d   0x10c  Code  Gb  ImagePro.o [1]
BlackGetRightStep1Edge       0x3755   0x67e  Code  Gb  ImagePro.o [1]
BlackGetRightStep1Scan       0x3fbd   0x234  Code  Gb  ImagePro.o [1]
BlackGetRightStep2Win        0x3df1   0x1ac  Code  Gb  ImagePro.o [1]
BlackLeft5Slope         0x1fff'd8c0    0xf0  Data  Gb  ImagePro.o [1]
BlackLeft5SlopeIndex    0x1fff'e292     0x1  Data  Gb  ImagePro.o [1]
BlackLeft5SlopeRow      0x1fff'd884    0x3c  Data  Gb  ImagePro.o [1]
BlackLeftAgainForCross       0x1e45   0x3a8  Code  Gb  ImagePro.o [1]
BlackLeftBigChangeCheck
                              0x703   0x28e  Code  Gb  ImagePro.o [1]
BlackLeftBigChangeCheckAllRow
                        0x1fff'e2d1     0x1  Data  Gb  ImagePro.o [1]
BlackLeftBigChangeCheckRow
                        0x1fff'dfe4    0x3c  Data  Gb  ImagePro.o [1]
BlackLeftBigChangeFlag  0x1fff'e2cd     0x1  Data  Gb  ImagePro.o [1]
BlackLeftBigChangeJumpFlag
                        0x1fff'e2ce     0x1  Data  Gb  ImagePro.o [1]
BlackLeftBigChangeNumx  0x1fff'dfc4     0x8  Data  Gb  ImagePro.o [1]
BlackLeftBigChangeNumy  0x1fff'dfcc     0x8  Data  Gb  ImagePro.o [1]
BlackLeftBigChangeSlopeStore
                        0x1fff'0424     0x4  Data  Gb  ImagePro.o [1]
BlackLeftContinueAdd         0x24b1   0x3d2  Code  Gb  ImagePro.o [1]
BlackLeftContinueFlag   0x1fff'0568     0x1  Data  Gb  ImagePro.o [1]
BlackLeftCrossConfirm        0x19d1   0x15e  Code  Gb  ImagePro.o [1]
BlackLeftCrossConfirmFlag
                        0x1fff'e29e     0x1  Data  Gb  ImagePro.o [1]
BlackLeftCrossDone      0x1fff'e299     0x1  Data  Gb  ImagePro.o [1]
BlackLeftCrossStep3          0x1895   0x12c  Code  Gb  ImagePro.o [1]
BlackLeftCrossTailEndLine
                        0x1fff'e2d5     0x1  Data  Gb  ImagePro.o [1]
BlackLeftCrossTailFlag  0x1fff'0574     0x1  Data  Gb  ImagePro.o [1]
BlackLeftCrossTooLowLine
                        0x1fff'0564     0x1  Data  Gb  ImagePro.o [1]
BlackLeftDone           0x1fff'0563     0x1  Data  Gb  ImagePro.o [1]
BlackLeftEdgeStartCol   0x1fff'e29f     0x1  Data  Gb  ImagePro.o [1]
BlackLeftEdgeStartColOffset
                           0x1'200c    0x3c  Data  Gb  ImagePro.o [1]
BlackLeftEndLine        0x1fff'0567     0x1  Data  Gb  ImagePro.o [1]
BlackLeftHeadEndSearch        0x655    0xae  Code  Gb  ImagePro.o [1]
BlackLeftHeadLine       0x1fff'0566     0x1  Data  Gb  ImagePro.o [1]
BlackLeftLastEdgeStartCol
                        0x1fff'e2a0     0x1  Data  Gb  ImagePro.o [1]
BlackLeftLoc            0x1fff'd71c    0xb4  Data  Gb  ImagePro.o [1]
BlackLeftPredictL       0x1fff'e05c    0x3c  Data  Gb  ImagePro.o [1]
BlackLeftPredictR       0x1fff'e098    0x3c  Data  Gb  ImagePro.o [1]
BlackLeftRealB          0x1fff'e25a     0x2  Data  Gb  ImagePro.o [1]
BlackLeftRealClear            0x623    0x32  Code  Gb  ImagePro.o [1]
BlackLeftRealW          0x1fff'e25c     0x2  Data  Gb  ImagePro.o [1]
BlackLeftRealWB         0x1fff'e258     0x2  Data  Gb  ImagePro.o [1]
BlackLeftRollCheck           0x2889    0xa0  Code  Gb  ImagePro.o [1]
BlackLeftRollCheckFlag  0x1fff'e2d3     0x1  Data  Gb  ImagePro.o [1]
BlackLeftRow1RealLastLine
                        0x1fff'e2a2     0x1  Data  Gb  ImagePro.o [1]
BlackLeftStep1ScanRow   0x1fff'e2a1     0x1  Data  Gb  ImagePro.o [1]
BlackLeftStep4BackLine       0x220d   0x288  Code  Gb  ImagePro.o [1]
BlackLeftStep4ErrorCheck
                             0x292d    0x3e  Code  Gb  ImagePro.o [1]
BlackLeftStep4Flag      0x1fff'e29a     0x1  Data  Gb  ImagePro.o [1]
BlackLeftStep4StartLine
                        0x1fff'0565     0x1  Data  Gb  ImagePro.o [1]
BlackLeftWinPredictStore0
                        0x1fff'e29b     0x1  Data  Gb  ImagePro.o [1]
BlackLeftWinPredictStore1
                        0x1fff'e29c     0x1  Data  Gb  ImagePro.o [1]
BlackLeftWinPredictStore2
                        0x1fff'e29d     0x1  Data  Gb  ImagePro.o [1]
BlackRight5Slope        0x1fff'd9ec    0xf0  Data  Gb  ImagePro.o [1]
BlackRight5SlopeIndex   0x1fff'e2a3     0x1  Data  Gb  ImagePro.o [1]
BlackRight5SlopeRow     0x1fff'd9b0    0x3c  Data  Gb  ImagePro.o [1]
BlackRightAgainForCross
                             0x47d1   0x3b2  Code  Gb  ImagePro.o [1]
BlackRightBigChangeCheck
                             0x3281   0x2a4  Code  Gb  ImagePro.o [1]
BlackRightBigChangeCheckAllRow
                        0x1fff'e2d2     0x1  Data  Gb  ImagePro.o [1]
BlackRightBigChangeCheckRow
                        0x1fff'e020    0x3c  Data  Gb  ImagePro.o [1]
BlackRightBigChangeFlag
                        0x1fff'e2cf     0x1  Data  Gb  ImagePro.o [1]
BlackRightBigChangeJumpFlag
                        0x1fff'e2d0     0x1  Data  Gb  ImagePro.o [1]
BlackRightBigChangeNumx
                        0x1fff'dfd4     0x8  Data  Gb  ImagePro.o [1]
BlackRightBigChangeNumy
                        0x1fff'dfdc     0x8  Data  Gb  ImagePro.o [1]
BlackRightBigChangeSlopeStore
                        0x1fff'0428     0x4  Data  Gb  ImagePro.o [1]
BlackRightContinueAdd        0x4e39   0x406  Code  Gb  ImagePro.o [1]
BlackRightContinueFlag  0x1fff'056e     0x1  Data  Gb  ImagePro.o [1]
BlackRightCrossConfirm       0x4351   0x176  Code  Gb  ImagePro.o [1]
BlackRightCrossConfirmFlag
                        0x1fff'e2af     0x1  Data  Gb  ImagePro.o [1]
BlackRightCrossDone     0x1fff'e2aa     0x1  Data  Gb  ImagePro.o [1]
BlackRightCrossStep3         0x41fd   0x132  Code  Gb  ImagePro.o [1]
BlackRightCrossTailEndLine
                        0x1fff'e2d6     0x1  Data  Gb  ImagePro.o [1]
BlackRightCrossTailFlag
                        0x1fff'0575     0x1  Data  Gb  ImagePro.o [1]
BlackRightCrossTooLowLine
                        0x1fff'056a     0x1  Data  Gb  ImagePro.o [1]
BlackRightDone          0x1fff'0569     0x1  Data  Gb  ImagePro.o [1]
BlackRightEdgeStartCol  0x1fff'e2b0     0x1  Data  Gb  ImagePro.o [1]
BlackRightEdgeStartColOffset
                           0x1'2048    0x3c  Data  Gb  ImagePro.o [1]
BlackRightEndLine       0x1fff'056d     0x1  Data  Gb  ImagePro.o [1]
BlackRightHeadEndSearch
                             0x319f    0xd0  Code  Gb  ImagePro.o [1]
BlackRightHeadLine      0x1fff'056c     0x1  Data  Gb  ImagePro.o [1]
BlackRightLastEdgeStartCol
                        0x1fff'e2b1     0x1  Data  Gb  ImagePro.o [1]
BlackRightLoc           0x1fff'd7d0    0xb4  Data  Gb  ImagePro.o [1]
BlackRightPredictL      0x1fff'e0d4    0x3c  Data  Gb  ImagePro.o [1]
BlackRightPredictR      0x1fff'e110    0x3c  Data  Gb  ImagePro.o [1]
BlackRightRealB         0x1fff'e260     0x2  Data  Gb  ImagePro.o [1]
BlackRightRealClear          0x316d    0x32  Code  Gb  ImagePro.o [1]
BlackRightRealW         0x1fff'e262     0x2  Data  Gb  ImagePro.o [1]
BlackRightRealWB        0x1fff'e25e     0x2  Data  Gb  ImagePro.o [1]
BlackRightRollCheck          0x523f    0x9e  Code  Gb  ImagePro.o [1]
BlackRightRollCheckFlag
                        0x1fff'e2d4     0x1  Data  Gb  ImagePro.o [1]
BlackRightRow1RealLastLine
                        0x1fff'e2b3     0x1  Data  Gb  ImagePro.o [1]
BlackRightStep1ScanRow  0x1fff'e2b2     0x1  Data  Gb  ImagePro.o [1]
BlackRightStep4BackLine
                             0x4ba5   0x274  Code  Gb  ImagePro.o [1]
BlackRightStep4ErrorCheck
                             0x52e1    0x3e  Code  Gb  ImagePro.o [1]
BlackRightStep4Flag     0x1fff'e2ab     0x1  Data  Gb  ImagePro.o [1]
BlackRightStep4StartLine
                        0x1fff'056b     0x1  Data  Gb  ImagePro.o [1]
BlackRightWinPredictStore0
                        0x1fff'e2ac     0x1  Data  Gb  ImagePro.o [1]
BlackRightWinPredictStore1
                        0x1fff'e2ad     0x1  Data  Gb  ImagePro.o [1]
BlackRightWinPredictStore2
                        0x1fff'e2ae     0x1  Data  Gb  ImagePro.o [1]
BlackSingleFlag         0x1fff'e2db     0x1  Data  Gb  ImagePro.o [1]
BlackUdis                    0x7d91   0x50a  Code  Gb  ImagePro.o [1]
BlackUdisLeftLocation   0x1fff'dbe8   0x1e0  Data  Gb  ImagePro.o [1]
BlackUdisMatrixFar         0x1'21e8    0x20  Data  Gb  ImagePro.o [1]
BlackUdisMatrixLow         0x1'2228    0x20  Data  Gb  ImagePro.o [1]
BlackUdisMatrixMiddle      0x1'2208    0x20  Data  Gb  ImagePro.o [1]
BlackUdisRightLocation  0x1fff'ddc8   0x1e0  Data  Gb  ImagePro.o [1]
BoundaryLimitRe               0x455    0x12  Code  Gb  ImagePro.o [1]
BrickAvoid                   0x742d   0x1a6  Code  Gb  ImagePro.o [1]
BrickBorderColL         0x1fff'e2c0     0x1  Data  Gb  ImagePro.o [1]
BrickBorderColR         0x1fff'e2c3     0x1  Data  Gb  ImagePro.o [1]
BrickConfirmFinalColCom
                        0x1fff'0572     0x1  Data  Gb  ImagePro.o [1]
BrickConfirmLockFlag    0x1fff'e2bb     0x1  Data  Gb  ImagePro.o [1]
BrickConfirmMat0        0x1fff'db24     0x8  Data  Gb  ImagePro.o [1]
BrickConfirmMat1        0x1fff'db2c     0x8  Data  Gb  ImagePro.o [1]
BrickConfirmMatCollect0
                        0x1fff'e2bc     0x1  Data  Gb  ImagePro.o [1]
BrickConfirmMatCollect1
                        0x1fff'e2bd     0x1  Data  Gb  ImagePro.o [1]
BrickConfirmMatLimit    0x1fff'0571     0x1  Data  Gb  ImagePro.o [1]
BrickEndColL            0x1fff'e2be     0x1  Data  Gb  ImagePro.o [1]
BrickEndColR            0x1fff'e2c1     0x1  Data  Gb  ImagePro.o [1]
BrickHeadColL           0x1fff'e2bf     0x1  Data  Gb  ImagePro.o [1]
BrickHeadColR           0x1fff'e2c2     0x1  Data  Gb  ImagePro.o [1]
BrickJudge                   0x85b1   0x540  Code  Gb  ImagePro.o [1]
BrickLineCountNumRecord
                        0x1fff'e2c4     0x1  Data  Gb  ImagePro.o [1]
BrickSpeDealBackCount   0x1fff'e2b8     0x1  Data  Gb  ImagePro.o [1]
BrickSpeDealBias           0x1'1f44    0x50  Data  Gb  ImagePro.o [1]
BrickSpeDealCen              0x72c9   0x164  Code  Gb  ImagePro.o [1]
BrickSpeDealCenFlag     0x1fff'0570     0x1  Data  Gb  ImagePro.o [1]
BrickSpeDealDir         0x1fff'e2b9     0x1  Data  Gb  ImagePro.o [1]
BrickSpeDealExitJudge        0x7261     0x4  Code  Gb  ImagePro.o [1]
BrickSpeDealExitJudgeFlag
                        0x1fff'056f     0x1  Data  Gb  ImagePro.o [1]
BrickSpeDealFlag        0x1fff'e2ba     0x1  Data  Gb  ImagePro.o [1]
BrickSpeDealServor           0x7265    0x56  Code  Gb  ImagePro.o [1]
BrickSpeDealStartJudge       0x725d     0x4  Code  Gb  ImagePro.o [1]
CURVEL                  0x1fff'e254     0x2  Data  Gb  ImagePro.o [1]
CURVER                  0x1fff'e256     0x2  Data  Gb  ImagePro.o [1]
CameraDelay                0x1'1461    0x22  Code  Gb  CameraSet.o [1]
CameraInit                 0x1'1575    0x16  Code  Gb  CameraSet.o [1]
CameraPortInit             0x1'1483    0x80  Code  Gb  CameraSet.o [1]
CameraRealLeftCol       0x1fff'054e     0x1  Data  Gb  ImagePro.o [1]
CameraRegInit              0x1'1503    0x4e  Code  Gb  CameraSet.o [1]
CenterEndLine           0x1fff'0554     0x1  Data  Gb  ImagePro.o [1]
CenterHeadLine          0x1fff'0553     0x1  Data  Gb  ImagePro.o [1]
CenterLineGetNormal          0x5f05  0x1352  Code  Gb  ImagePro.o [1]
CenterLineGetRaw             0x75d3    0x24  Code  Gb  ImagePro.o [1]
CenterLineHalfWidth        0x1'1fd0    0x3c  Data  Gb  ImagePro.o [1]
CenterLineLoc           0x1fff'db70    0x78  Data  Gb  ImagePro.o [1]
CenterLineResult        0x1fff'0552     0x1  Data  Gb  ImagePro.o [1]
CodeRelocate$$Base         0x1'2384           --   Gb  - Linker created -
CodeRelocate$$Limit        0x1'2384           --   Gb  - Linker created -
CodeRelocateRam$$Base   0x1fff'e2f4           --   Gb  - Linker created -
CodeRelocateRam$$Limit  0x1fff'e2f4           --   Gb  - Linker created -
ControlRow_Weight       0x1fff'0410     0xc  Data  Gb  Fuzzy.o [1]
CurveGet                     0x7767   0x156  Code  Gb  ImagePro.o [1]
CurveLineChosenL1       0x1fff'e28c     0x1  Data  Gb  ImagePro.o [1]
CurveLineChosenL2       0x1fff'e28d     0x1  Data  Gb  ImagePro.o [1]
CurveLineChosenL3       0x1fff'e28e     0x1  Data  Gb  ImagePro.o [1]
CurveLineChosenR1       0x1fff'e28f     0x1  Data  Gb  ImagePro.o [1]
CurveLineChosenR2       0x1fff'e290     0x1  Data  Gb  ImagePro.o [1]
CurveLineChosenR3       0x1fff'e291     0x1  Data  Gb  ImagePro.o [1]
CurveSlopeFlagL         0x1fff'0555     0x1  Data  Gb  ImagePro.o [1]
CurveSlopeFlagR         0x1fff'0556     0x1  Data  Gb  ImagePro.o [1]
CurveSlopeGetLeft            0x78bd   0x23a  Code  Gb  ImagePro.o [1]
CurveSlopeGetRight           0x7afd   0x232  Code  Gb  ImagePro.o [1]
DMA0_Isr                   0x1'0721    0x62  Code  Gb  isr.o [1]
DMAInit                    0x1'158d   0x154  Code  Gb  DMA.o [1]
DebugButtonConfirmCount
                        0x1fff'9b98     0x8  Data  Gb  Debug.o [1]
DebugButtonDeal              0xc1a9   0x236  Code  Gb  Debug.o [1]
DebugButtonFlag         0x1fff'9ba0     0x8  Data  Gb  Debug.o [1]
DebugButtonScan              0xac9b   0x1ce  Code  Gb  Debug.o [1]
DebugDebug                   0xe599    0x32  Code  Gb  Debug.o [1]
DebugDisplayPage        0x1fff'e27e     0x1  Data  Gb  Debug.o [1]
DebugInit                    0xae91    0x12  Code  Gb  Debug.o [1]
DebugModifyCursor       0x1fff'e280     0x1  Data  Gb  Debug.o [1]
DebugModifyCursorMark        0xc3e9   0x394  Code  Gb  Debug.o [1]
DebugModifyCursorPre    0x1fff'e281     0x1  Data  Gb  Debug.o [1]
DebugModifyFlag         0x1fff'e282     0x1  Data  Gb  Debug.o [1]
DebugModifyNum          0x1fff'9ba8    0x78  Data  Gb  Debug.o [1]
DebugModifyPage         0x1fff'e27f     0x1  Data  Gb  Debug.o [1]
DebugModifyValue             0xaea5  0x1300  Code  Gb  Debug.o [1]
DebugOLEDUpdate              0xc7a5  0x1dd4  Code  Gb  Debug.o [1]
DebugOLEDUpdateCount    0x1fff'e27d     0x1  Data  Gb  Debug.o [1]
DebugPortInit                0xab45    0x92  Code  Gb  Debug.o [1]
DebugScreenChosen       0x1fff'054b     0x1  Data  Gb  Debug.o [1]
DebugSwitchFlag         0x1fff'9b94     0x4  Data  Gb  Debug.o [1]
DebugSwitchScan              0xabd7    0xc4  Code  Gb  Debug.o [1]
DeltaVelocity           0x1fff'e19c     0x4  Data  Gb  RunControl.o [1]
DeviFuse                0x1fff'dfa8     0x4  Data  Gb  ImagePro.o [1]
DeviFuse_dot            0x1fff'9c70     0x4  Data  Gb  Fuzzy.o [1]
DeviFuse_dotmtr         0x1fff'9c4c    0x24  Data  Gb  Fuzzy.o [1]
DeviFuse_old            0x1fff'dfac     0x4  Data  Gb  ImagePro.o [1]
DeviFusemtr             0x1fff'9c20    0x2c  Data  Gb  Fuzzy.o [1]
DeviPre                 0x1fff'dfb8     0x4  Data  Gb  ImagePro.o [1]
DeviPrePre              0x1fff'dfbc     0x4  Data  Gb  ImagePro.o [1]
DeviPrePrePre           0x1fff'dfc0     0x4  Data  Gb  ImagePro.o [1]
Devi_far                0x1fff'dfb4     0x4  Data  Gb  ImagePro.o [1]
Devi_near               0x1fff'dfb0     0x4  Data  Gb  ImagePro.o [1]
DeviationFuse                0xa3a5   0x268  Code  Gb  Fuzzy.o [1]
Draw_BMP                     0xec29    0x76  Code  Gb  LQ12864.o [1]
DuZhuanFlag             0x1fff'e2eb     0x1  Data  Gb  RunControl.o [1]
EmergencyStopCount      0x1fff'e2b4     0x1  Data  Gb  ImagePro.o [1]
ErrorCountNow1          0x1fff'e26a     0x2  Data  Gb  RunControl.o [1]
ErrorCountNow5          0x1fff'e252     0x2  Data  Gb  ImagePro.o [1]
ErrorCountNow6          0x1fff'e278     0x2  Data  Gb  VirtualScope.o [1]
ErrorCountNow7          0x1fff'9c74     0x4  Data  Gb  ImageGet.o [1]
ErrorCountNow8          0x1fff'9c78     0x4  Data  Gb  ImageGet.o [1]
ErrorCountNow9          0x1fff'e18c     0x4  Data  Gb  isr.o [1]
F6x8                       0x1'1944   0x228  Data  Gb  LQ12864.o [1]
F8X16                        0xfbac   0x5f0  Data  Gb  LQ12864.o [1]
FieldIsr                   0x1'0aa5    0x58  Code  Gb  ImageGet.o [1]
FlashEraseSector             0xe6a5    0x7e  Code  Gb  Flash.o [1]
FlashFinalWrite              0xe5ed    0x2c  Code  Gb  Debug.o [1]
FlashInit                    0xe679    0x2c  Code  Gb  Flash.o [1]
FlashWrite                   0xe723    0x84  Code  Gb  Flash.o [1]
FlashWriteNow                0xae69    0x14  Code  Gb  Debug.o [1]
FreeCarsDataNum         0x1fff'0579     0x1  Data  Gb  VirtualScope.o [1]
GryoDeal                   0x1'0cfd   0x168  Code  Gb  adc.o [1]
GryoFlatCount           0x1fff'057c     0x4  Data  Gb  adc.o [1]
GryoFlatFlag            0x1fff'0548     0x1  Data  Gb  adc.o [1]
GyroInit                   0x1'0c5f    0x9e  Code  Gb  adc.o [1]
GyroResult              0x1fff'0580    0x14  Data  Gb  adc.o [1]
GyroResultFlag          0x1fff'e27a     0x1  Data  Gb  adc.o [1]
GyroResultForbidBackCount
                        0x1fff'e27c     0x1  Data  Gb  adc.o [1]
GyroResultForbidBackCountNum
                        0x1fff'0549     0x1  Data  Gb  adc.o [1]
GyroResultForbidFlag    0x1fff'e27b     0x1  Data  Gb  adc.o [1]
GyroResultForbidSpeDeal
                             0x930d    0xb2  Code  Gb  ImagePro.o [1]
ImagePro                     0x93c9    0xc8  Code  Gb  ImagePro.o [1]
ImageProParaInit             0x8d59   0x14c  Code  Gb  ImagePro.o [1]
ImageSend                    0x94ad    0x10  Code  Gb  ImagePro.o [1]
ImgBlackSucceedFlag     0x1fff'0550     0x1  Data  Gb  ImagePro.o [1]
ImgCenterSucceedFlag    0x1fff'0551     0x1  Data  Gb  ImagePro.o [1]
ImgNew                  0x1fff'9c84  0x3a98  Data  Gb  ImagePro.o [1]
ImgPresent              0x1fff'054c     0x1  Data  Gb  ImageGet.o [1]
ImgProFailDeal               0x90e9   0x222  Code  Gb  ImagePro.o [1]
ImgProSucceedDeal            0x8eb5   0x234  Code  Gb  ImagePro.o [1]
ImgProSucceedFlag       0x1fff'054f     0x1  Data  Gb  ImagePro.o [1]
ImgPut                       0x7691    0xa8  Code  Gb  ImagePro.o [1]
ImgStatus               0x1fff'054a     0x1  Data  Gb  CameraSet.o [1]
ImgStore1               0x1fff'0594  0x4b00  Data  Gb  CameraSet.o [1]
ImgStore2               0x1fff'5094  0x4b00  Data  Gb  CameraSet.o [1]
LCD_CLS                      0xe97f    0x38  Code  Gb  LQ12864.o [1]
LCD_DLY_ms                   0xe9b7    0x1a  Code  Gb  LQ12864.o [1]
LCD_Fill                     0xe943    0x3c  Code  Gb  LQ12864.o [1]
LCD_Init                     0xe9d1   0x13a  Code  Gb  LQ12864.o [1]
LCD_P6x8Str                  0xeb0b    0x7a  Code  Gb  LQ12864.o [1]
LCD_P8x16Str                 0xeb85    0xa4  Code  Gb  LQ12864.o [1]
LCD_Set_Pos                  0xe917    0x2c  Code  Gb  LQ12864.o [1]
LCD_WrCmd                    0xe89d    0x7a  Code  Gb  LQ12864.o [1]
LCD_WrDat                    0xe81d    0x7e  Code  Gb  LQ12864.o [1]
LeastSquareInt16a0            0x4ef    0x40  Code  Gb  ImagePro.o [1]
LeastSquareInt16a1            0x483    0x6c  Code  Gb  ImagePro.o [1]
LeastSquarea0                 0x59b    0x3e  Code  Gb  ImagePro.o [1]
LeastSquarea1                 0x52f    0x6c  Code  Gb  ImagePro.o [1]
LightHouseWaitStartTooLongFlag
                        0x1fff'e2e0     0x1  Data  Gb  isr.o [1]
LightHouseWaitStopDelayFlag
                        0x1fff'e2ea     0x1  Data  Gb  LightHouse.o [1]
LimitLeftB              0x1fff'e295     0x1  Data  Gb  ImagePro.o [1]
LimitLeftBMax           0x1fff'055c     0x1  Data  Gb  ImagePro.o [1]
LimitLeftBMin           0x1fff'055b     0x1  Data  Gb  ImagePro.o [1]
LimitLeftHeadB          0x1fff'e298     0x1  Data  Gb  ImagePro.o [1]
LimitLeftHeadW          0x1fff'e297     0x1  Data  Gb  ImagePro.o [1]
LimitLeftHeadWB         0x1fff'e296     0x1  Data  Gb  ImagePro.o [1]
LimitLeftW              0x1fff'e294     0x1  Data  Gb  ImagePro.o [1]
LimitLeftWB             0x1fff'e293     0x1  Data  Gb  ImagePro.o [1]
LimitLeftWBAdjust          0x1'20c0    0x3c  Data  Gb  ImagePro.o [1]
LimitLeftWBMax          0x1fff'0558     0x1  Data  Gb  ImagePro.o [1]
LimitLeftWBMin          0x1fff'0557     0x1  Data  Gb  ImagePro.o [1]
LimitLeftWMax           0x1fff'055a     0x1  Data  Gb  ImagePro.o [1]
LimitLeftWMin           0x1fff'0559     0x1  Data  Gb  ImagePro.o [1]
LimitRightB             0x1fff'e2a6     0x1  Data  Gb  ImagePro.o [1]
LimitRightBMax          0x1fff'0562     0x1  Data  Gb  ImagePro.o [1]
LimitRightBMin          0x1fff'0561     0x1  Data  Gb  ImagePro.o [1]
LimitRightHeadB         0x1fff'e2a9     0x1  Data  Gb  ImagePro.o [1]
LimitRightHeadW         0x1fff'e2a8     0x1  Data  Gb  ImagePro.o [1]
LimitRightHeadWB        0x1fff'e2a7     0x1  Data  Gb  ImagePro.o [1]
LimitRightW             0x1fff'e2a5     0x1  Data  Gb  ImagePro.o [1]
LimitRightWB            0x1fff'e2a4     0x1  Data  Gb  ImagePro.o [1]
LimitRightWBAdjust         0x1'20fc    0x3c  Data  Gb  ImagePro.o [1]
LimitRightWBMax         0x1fff'055e     0x1  Data  Gb  ImagePro.o [1]
LimitRightWBMin         0x1fff'055d     0x1  Data  Gb  ImagePro.o [1]
LimitRightWMax          0x1fff'0560     0x1  Data  Gb  ImagePro.o [1]
LimitRightWMin          0x1fff'055f     0x1  Data  Gb  ImagePro.o [1]
LineCount               0x1fff'e24c     0x2  Data  Gb  ImageGet.o [1]
LineIsr                    0x1'0afd    0x34  Code  Gb  ImageGet.o [1]
LineRealCount           0x1fff'e24e     0x2  Data  Gb  ImageGet.o [1]
LineRealCountVal120_60_02
                           0x1'1f94    0x3c  Data  Gb  ImageGet.o [1]
MathSqrt                     0x7739    0x2e  Code  Gb  ImagePro.o [1]
MaxRe                         0x467     0x8  Code  Gb  ImagePro.o [1]
MinRe                         0x46f     0x8  Code  Gb  ImagePro.o [1]
MotorInit_SYJ              0x1'019d   0x188  Code  Gb  Ftm.o [1]
MotorPID                     0xf0b9   0xa02  Code  Gb  RunControl.o [1]
MotorTakeOffFlag        0x1fff'e2f0     0x1  Data  Gb  RunControl.o [1]
MotorTakeOffQuadCountLimit
                        0x1fff'e268     0x2  Data  Gb  RunControl.o [1]
MtrGet                       0xa60d   0x3b4  Code  Gb  Fuzzy.o [1]
PIT0_Isr                   0x1'0687    0x3e  Code  Gb  isr.o [1]
PIT1_Isr                   0x1'06c5    0x1c  Code  Gb  isr.o [1]
PIT2_Isr                   0x1'06e1    0x40  Code  Gb  isr.o [1]
PIT2_Isr_Change         0x1fff'e2df     0x1  Data  Gb  isr.o [1]
PORTA_Isr                  0x1'0783    0x16  Code  Gb  isr.o [1]
PORTB_Isr                  0x1'0799    0x16  Code  Gb  isr.o [1]
PORTC_Isr                  0x1'07af    0x18  Code  Gb  isr.o [1]
PORTD_Isr                  0x1'07c7    0x18  Code  Gb  isr.o [1]
PORTE_Isr                  0x1'07df    0x16  Code  Gb  isr.o [1]
PathJudgeDone           0x1fff'0573     0x1  Data  Gb  ImagePro.o [1]
PathJudgeNew                 0x8b75    0xd4  Code  Gb  ImagePro.o [1]
PathJudgeNewStraight         0x82b9   0x2e4  Code  Gb  ImagePro.o [1]
PathRealStraightCount   0x1fff'e2dd     0x1  Data  Gb  ImagePro.o [1]
PathRealStraightCountLimit
                        0x1fff'0578     0x1  Data  Gb  ImagePro.o [1]
PathRealStraightFlag    0x1fff'e2de     0x1  Data  Gb  ImagePro.o [1]
PathSmallSDoneFlag      0x1fff'e2cc     0x1  Data  Gb  ImagePro.o [1]
PathType                0x1fff'e2cb     0x1  Data  Gb  ImagePro.o [1]
PllInit150M                0x1'1bdf    0xc6  Code  Gb  sysinit.o [1]
QuadDoneFlag            0x1fff'e2e1     0x1  Data  Gb  isr.o [1]
QuadInit3                  0x1'0325    0x72  Code  Gb  Ftm.o [1]
QuadLastLeftCount       0x1fff'e246     0x2  Data  Gb  Fuzzy.o [1]
QuadLastRightCount      0x1fff'e248     0x2  Data  Gb  Fuzzy.o [1]
QuadLeftCount           0x1fff'e190     0x4  Data  Gb  isr.o [1]
QuadRightCount          0x1fff'e194     0x4  Data  Gb  isr.o [1]
Region$$Table$$Base        0x1'21b8           --   Gb  - Linker created -
Region$$Table$$Limit       0x1'21c8           --   Gb  - Linker created -
RoadHalfWidth           0x1fff'e2d7     0x1  Data  Gb  ImagePro.o [1]
RoadHalfWidthCompen     0x1fff'e188     0x4  Data  Gb  ImagePro.o [1]
RoadHalfWidthLast       0x1fff'e2d8     0x1  Data  Gb  ImagePro.o [1]
RoadHalfWidthRecord     0x1fff'e14c    0x3c  Data  Gb  ImagePro.o [1]
RoadHalfWidthSingle     0x1fff'e2d9     0x1  Data  Gb  ImagePro.o [1]
RoadHalfWidthSwitch     0x1fff'0577     0x1  Data  Gb  ImagePro.o [1]
RoadHalfWidthWrongDir   0x1fff'e2da     0x1  Data  Gb  ImagePro.o [1]
RoadHalfWidthWrongFlag  0x1fff'0576     0x1  Data  Gb  ImagePro.o [1]
RunOutFlag              0x1fff'e287     0x1  Data  Gb  ImagePro.o [1]
SCCBDelay                  0x1'1765    0x1a  Code  Gb  SCCB.o [1]
SCCBPortInit               0x1'177f    0x4a  Code  Gb  SCCB.o [1]
SCCBSendByte               0x1'1897    0x3c  Code  Gb  SCCB.o [1]
SCCBStart                  0x1'17dd    0x50  Code  Gb  SCCB.o [1]
SCCBStop                   0x1'182d    0x2c  Code  Gb  SCCB.o [1]
SCCBWaitAck                0x1'1859    0x3e  Code  Gb  SCCB.o [1]
SCCBWriteByte              0x1'191b    0x28  Code  Gb  SCCB.o [1]
SCCBWriteByteOne           0x1'18d3    0x48  Code  Gb  SCCB.o [1]
SCLClear                   0x1'1711     0xe  Code  Gb  SCCB.o [1]
SCLSet                     0x1'171f     0xe  Code  Gb  SCCB.o [1]
SDAClear                   0x1'1749     0xe  Code  Gb  SCCB.o [1]
SDAIn                      0x1'172d     0xe  Code  Gb  SCCB.o [1]
SDAOut                     0x1'173b     0xe  Code  Gb  SCCB.o [1]
SDARead                    0x1'16fd    0x14  Code  Gb  SCCB.o [1]
SDASet                     0x1'1757     0xe  Code  Gb  SCCB.o [1]
SendImage                     0x5d9    0x4a  Code  Gb  ImagePro.o [1]
ServoInit                  0x1'0397    0xb6  Code  Gb  Ftm.o [1]
ServoPID                     0xed01   0x218  Code  Gb  RunControl.o [1]
ServoPIDD               0x1fff'e26e     0x2  Data  Gb  RunControl.o [1]
ServoPIDD2Mat           0x1fff'044c    0x10  Data  Gb  RunControl.o [1]
ServoPIDDMat            0x1fff'043c    0x10  Data  Gb  RunControl.o [1]
ServoPIDInputVal        0x1fff'0530     0x4  Data  Gb  RunControl.o [1]
ServoPIDInputValD       0x1fff'e1a4     0x4  Data  Gb  RunControl.o [1]
ServoPIDInputValOld     0x1fff'0534     0x4  Data  Gb  RunControl.o [1]
ServoPIDInputValP       0x1fff'e1a0     0x4  Data  Gb  RunControl.o [1]
ServoPIDP               0x1fff'e26c     0x2  Data  Gb  RunControl.o [1]
ServoTemp               0x1fff'e198     0x4  Data  Gb  RunControl.o [1]
ShiZhiFlag              0x1fff'e285     0x1  Data  Gb  ImagePro.o [1]
SingleBlackAllFlag      0x1fff'e2c5     0x1  Data  Gb  ImagePro.o [1]
SingleBlackFlag         0x1fff'db34    0x3c  Data  Gb  ImagePro.o [1]
SingleBlackLastAllFlag  0x1fff'e2c6     0x1  Data  Gb  ImagePro.o [1]
SingleBlackWidthMax        0x1'2084    0x3c  Data  Gb  ImagePro.o [1]
SingleDoneFlag          0x1fff'e2c7     0x1  Data  Gb  ImagePro.o [1]
SingleFloorConfirmCount
                        0x1fff'e2c9     0x1  Data  Gb  ImagePro.o [1]
SingleFloorConfirmCountMax
                        0x1fff'e2ca     0x1  Data  Gb  ImagePro.o [1]
SingleFloorFlag         0x1fff'e2c8     0x1  Data  Gb  ImagePro.o [1]
SlopeL                  0x1fff'041c     0x4  Data  Gb  ImagePro.o [1]
SlopeR                  0x1fff'0420     0x4  Data  Gb  ImagePro.o [1]
SpeedBrick              0x1fff'053e     0x2  Data  Gb  RunControl.o [1]
SpeedDiffGet                 0xef19    0xf2  Code  Gb  RunControl.o [1]
SpeedDiffGetSwitch      0x1fff'e2f2     0x1  Data  Gb  RunControl.o [1]
SpeedLastLeft           0x1fff'e242     0x2  Data  Gb  Fuzzy.o [1]
SpeedLastRight          0x1fff'e244     0x2  Data  Gb  Fuzzy.o [1]
SpeedLastTargetLeftVal  0x1fff'e274     0x2  Data  Gb  RunControl.o [1]
SpeedLastTargetRightVal
                        0x1fff'e276     0x2  Data  Gb  RunControl.o [1]
SpeedLeftVal            0x1fff'e1b4     0x4  Data  Gb  RunControl.o [1]
SpeedLeftValD           0x1fff'e1c0     0x4  Data  Gb  RunControl.o [1]
SpeedLeftValP           0x1fff'e1bc     0x4  Data  Gb  RunControl.o [1]
SpeedNowLeft            0x1fff'e23e     0x2  Data  Gb  Fuzzy.o [1]
SpeedNowRight           0x1fff'e240     0x2  Data  Gb  Fuzzy.o [1]
SpeedPIDDVal            0x1fff'0546     0x2  Data  Gb  RunControl.o [1]
SpeedPIDPVal            0x1fff'0544     0x2  Data  Gb  RunControl.o [1]
SpeedRealTimeGet             0xa04d   0x356  Code  Gb  Fuzzy.o [1]
SpeedRightVal           0x1fff'e1b8     0x4  Data  Gb  RunControl.o [1]
SpeedRightValD          0x1fff'e1c8     0x4  Data  Gb  RunControl.o [1]
SpeedRightValP          0x1fff'e1c4     0x4  Data  Gb  RunControl.o [1]
SpeedTargetLeftVal      0x1fff'e270     0x2  Data  Gb  RunControl.o [1]
SpeedTargetMat          0x1fff'0468    0xc8  Data  Gb  RunControl.o [1]
SpeedTargetRightVal     0x1fff'e272     0x2  Data  Gb  RunControl.o [1]
SpeedTargetVal          0x1fff'e1a8     0x4  Data  Gb  RunControl.o [1]
SpeedTargetValGryoResult
                        0x1fff'e2f3     0x1  Data  Gb  RunControl.o [1]
SpeedTargetValGryoUp    0x1fff'053c     0x2  Data  Gb  RunControl.o [1]
SpeedTargetValSpePathDeal
                             0xf00b    0x74  Code  Gb  RunControl.o [1]
SpeedTargetValStraight  0x1fff'0542     0x2  Data  Gb  RunControl.o [1]
SpeedXiaoZhiDao         0x1fff'053a     0x2  Data  Gb  RunControl.o [1]
Steer_kp                0x1fff'042c    0x10  Data  Gb  RunControl.o [1]
StopFlag                0x1fff'e2f1     0x1  Data  Gb  RunControl.o [1]
StopFlagMaxCount        0x1fff'e266     0x2  Data  Gb  RunControl.o [1]
StopFlagMaxCountNum     0x1fff'0540     0x2  Data  Gb  RunControl.o [1]
StopLineCheckFlag       0x1fff'e288     0x1  Data  Gb  ImagePro.o [1]
StopLineControlFlag     0x1fff'e2ed     0x1  Data  Gb  RunControl.o [1]
StopLineSpeed           0x1fff'e264     0x2  Data  Gb  RunControl.o [1]
StopLineSpeedControlPauseFlag
                        0x1fff'e2ee     0x1  Data  Gb  RunControl.o [1]
StopRealFlag            0x1fff'e2ef     0x1  Data  Gb  RunControl.o [1]
TimeOutFlag             0x1fff'e2ec     0x1  Data  Gb  RunControl.o [1]
TimeRealRunFlag         0x1fff'e283     0x1  Data  Gb  Debug.o [1]
VariablesInit                0x8c49   0x110  Code  Gb  ImagePro.o [1]
Virtual2DataPush           0x1'0ea9    0x2c  Code  Gb  VirtualScope.o [1]
Virtual2Send               0x1'0ed5    0x52  Code  Gb  VirtualScope.o [1]
Virtual2SendData           0x1'0f27   0x1de  Code  Gb  VirtualScope.o [1]
__BOOT_STACK_ADDRESS {Abs}
                        0x2000'fff8          Data  Gb  <internal module>
__VECTOR_RAM {Abs}      0x1fff'0000          Data  Gb  <internal module>
__VECTOR_TABLE {Abs}            0x0          Data  Gb  <internal module>
__aeabi_d2f                  0x9c79          Code  Gb  DblToFlt.o [3]
__aeabi_d2iz                 0x9fd9          Code  Gb  DblToS32.o [3]
__aeabi_ddiv                 0x9a31          Code  Gb  DblDiv.o [3]
__aeabi_dmul                 0x988d          Code  Gb  DblMul.o [3]
__aeabi_f2d                  0x9e9d          Code  Gb  FltToDbl.o [3]
__aeabi_fadd                 0x9db9          Code  Gb  FltAdd.o [3]
__aeabi_fmul                 0x9ce1          Code  Gb  FltMul.o [3]
__aeabi_i2d                  0x9831          Code  Gb  S32ToDbl.o [3]
__aeabi_i2f                  0xa015          Code  Gb  S32ToFlt.o [3]
__aeabi_memclr4              0xecc5          Code  Gb  ABImemclr4.o [4]
__cmain                    0x1'2249          Code  Gb  cmain.o [4]
__exit                     0x1'227d    0x14  Code  Gb  exit.o [5]
__iar_Memset4_word           0xeccd          Code  Gb  ABImemset48.o [4]
__iar_Memset8_word           0xeccd          Code  Gb  ABImemset48.o [4]
__iar_data_init3           0x1'2191    0x28  Code  Gb  data_init.o [4]
__iar_fadd                   0xaa15          Code  Gb  FltSub.o [3]
__iar_fsub                   0x9dc5          Code  Gb  FltAdd.o [3]
__iar_fsubStart              0x9dd5          Code  Gb  FltAdd.o [3]
__iar_program_start        0x1'2355          Code  Gb  cstartup_M.o [4]
__iar_sqrt64                 0x9ee5          Code  Gb  sqrt.o [3]
__iar_zero_init3             0x9853    0x3a  Code  Gb  zero_init3.o [4]
__low_level_init           0x1'2267     0x4  Code  Gb  low_level_init.o [2]
__startup                     0x411          Code  Gb  crt0.o [1]
__vector_table                  0x0   0x410  Data  Gb  vectors.o [1]
_call_main                 0x1'2255          Code  Gb  cmain.o [4]
_exit                      0x1'2271          Code  Gb  cexit.o [4]
_main                      0x1'2263          Code  Gb  cmain.o [4]
buXianCount             0x1fff'e250     0x2  Data  Gb  ImagePro.o [1]
ch0                     0x1fff'e2e2     0x1  Data  Gb  isr.o [1]
ch1                     0x1fff'e2e3     0x1  Data  Gb  isr.o [1]
ch2                     0x1fff'e2e4     0x1  Data  Gb  isr.o [1]
ch3                     0x1fff'e2e5     0x1  Data  Gb  isr.o [1]
ch4                     0x1fff'e2e6     0x1  Data  Gb  isr.o [1]
ch5                     0x1fff'e2e7     0x1  Data  Gb  isr.o [1]
ch6                     0x1fff'e2e8     0x1  Data  Gb  isr.o [1]
cnt                     0x1fff'e2e9     0x1  Data  Gb  isr.o [1]
common_startup             0x1'1e71    0x74  Code  Gb  start.o [1]
core_clk_khz            0x1fff'e1cc     0x4  Data  Gb  sysinit.o [1]
core_clk_mhz            0x1fff'e1d0     0x4  Data  Gb  sysinit.o [1]
default_isr                  0x9a2f     0x2  Code  Gb  vectors.o [1]
disable_irq                0x1'0a23    0x5a  Code  Gb  common.o [1]
disable_pit_interrupt      0x1'0933    0x4c  Code  Gb  Pit.o [1]
enable_irq                 0x1'0993    0x90  Code  Gb  common.o [1]
enable_pit_interrupt       0x1'08e7    0x4c  Code  Gb  Pit.o [1]
exit                       0x1'226b     0x4  Code  Gb  exit.o [2]
fb_clk_init                0x1'1bc9    0x16  Code  Gb  sysinit.o [1]
flag000                 0x1fff'e289     0x1  Data  Gb  ImagePro.o [1]
flag111                 0x1fff'9c7c     0x4  Data  Gb  ImagePro.o [1]
flag222                 0x1fff'9c80     0x4  Data  Gb  ImagePro.o [1]
gpio_ctrl                    0xab21    0x22  Code  Gb  gpio.o [1]
gpio_init                    0xaa89    0x7e  Code  Gb  gpio.o [1]
hw_ad_mid                  0x1'0bf9    0x66  Code  Gb  adc.o [1]
hw_ad_once                 0x1'0b8f    0x6a  Code  Gb  adc.o [1]
hw_adc_init                0x1'0b5d    0x32  Code  Gb  adc.o [1]
hw_flash_cmd_launch          0xe7c1    0x26  Code  Lc  Flash.o [1]
hw_flash_sign_off            0xe7a7    0x1a  Code  Lc  Flash.o [1]
light_control                0xa045     0x8  Code  Gb  light.o [1]
light_init                   0xa039     0xc  Code  Gb  light.o [1]
limitStopLineBlackXiu   0x1fff'054d     0x1  Data  Gb  ImagePro.o [1]
main                       0x1'1191   0x234  Code  Gb  main.o [1]
periph_clk_khz          0x1fff'e1d4     0x4  Data  Gb  sysinit.o [1]
pit_init                   0x1'0889    0x5e  Code  Gb  Pit.o [1]
speedOfCar              0x1fff'0538     0x2  Data  Gb  Ftm.o [1]
speedP_goal             0x1fff'045c     0xc  Data  Gb  RunControl.o [1]
speed_fu                0x1fff'e24a     0x2  Data  Gb  Fuzzy.o [1]
speed_grade             0x1fff'e284     0x1  Data  Gb  Fuzzy.o [1]
speed_kd                0x1fff'e1b0     0x4  Data  Gb  RunControl.o [1]
speed_kp                0x1fff'e1ac     0x4  Data  Gb  RunControl.o [1]
sqrt                         0x9ee5          Code  Gb  sqrt.o [3]
sqrtl                        0x9ee5          Code  Gb  sqrt.o [3]
start                      0x1'1e5d    0x14  Code  Gb  start.o [1]
sysinit                    0x1'1b6d    0x46  Code  Gb  sysinit.o [1]
tic1                    0x1fff'e1d8     0x4  Data  Gb  VirtualScope.o [1]
tic2                    0x1fff'e1e0     0x4  Data  Gb  VirtualScope.o [1]
tic3                    0x1fff'e1e8     0x4  Data  Gb  VirtualScope.o [1]
tic4                    0x1fff'e1f0     0x4  Data  Gb  VirtualScope.o [1]
tic5                    0x1fff'e1f8     0x4  Data  Gb  VirtualScope.o [1]
tic6                    0x1fff'e200     0x4  Data  Gb  VirtualScope.o [1]
tic7                    0x1fff'e208     0x4  Data  Gb  VirtualScope.o [1]
toc1                    0x1fff'e1dc     0x4  Data  Gb  VirtualScope.o [1]
toc2                    0x1fff'e1e4     0x4  Data  Gb  VirtualScope.o [1]
toc3                    0x1fff'e1ec     0x4  Data  Gb  VirtualScope.o [1]
toc4                    0x1fff'e1f4     0x4  Data  Gb  VirtualScope.o [1]
toc5                    0x1fff'e1fc     0x4  Data  Gb  VirtualScope.o [1]
toc6                    0x1fff'e204     0x4  Data  Gb  VirtualScope.o [1]
toc7                    0x1fff'e20c     0x4  Data  Gb  VirtualScope.o [1]
trace_clk_init             0x1'1bb3    0x16  Code  Gb  sysinit.o [1]
uSendBuf                0x1fff'e210    0x24  Data  Gb  VirtualScope.o [1]
uart0_isr                  0x1'0529   0x15e  Code  Gb  isr.o [1]
uart_init                    0x960d   0x17e  Code  Gb  uart.o [1]
uart_re1                     0x97dd    0x2c  Code  Gb  uart.o [1]
uart_send1                   0x9809     0xa  Code  Gb  uart.o [1]
uart_sendN                   0x9813    0x1e  Code  Gb  uart.o [1]
wdog_disable               0x1'1f0d    0x16  Code  Gb  wdog.o [1]
wdog_unlock                0x1'1f25    0x16  Code  Gb  wdog.o [1]
write_vtor                 0x1'098d     0x6  Code  Gb  common.o [1]
xiaoZhiDaoFlag          0x1fff'e286     0x1  Data  Gb  ImagePro.o [1]


[1] = C:\Users\Lenovo\Desktop\class3\下位机程序_摄像头1队3月14日\下位机程序_摄像头1队3月14日\FLASH\Obj
[2] = dl7M_tln.a
[3] = m7M_tl.a
[4] = rt7M_tl.a
[5] = shb_l.a

  70 186 bytes of readonly  code memory
   4 442 bytes of readonly  data memory
  57 058 bytes of readwrite data memory

Errors: none
Warnings: 1
