###############################################################################
#
# IAR ELF Linker V8.30.1.114/W32 for ARM                  03/Sep/2018  23:18:29
# Copyright 2007-2018 IAR Systems AB.
#
#    Output file  =  
#        C:\Users\Lenovo\Desktop\class3\SRTP\LQ_KV58F24第3版20180424\debug\gpio_example.out
#    Map file     =  
#        C:\Users\Lenovo\Desktop\class3\SRTP\LQ_KV58F24第3版20180424\debug\list\gpio_example.map
#    Command line =  
#        -f C:\Users\Lenovo\AppData\Local\Temp\EW6A3C.tmp
#        (C:\Users\Lenovo\Desktop\class3\SRTP\LQ_KV58F24第3版20180424\debug\obj\APPmain.o
#        C:\Users\Lenovo\Desktop\class3\SRTP\LQ_KV58F24第3版20180424\debug\obj\fsl_clock_manager.o
#        C:\Users\Lenovo\Desktop\class3\SRTP\LQ_KV58F24第3版20180424\debug\obj\fsl_clock_manager_common.o
#        C:\Users\Lenovo\Desktop\class3\SRTP\LQ_KV58F24第3版20180424\debug\obj\fsl_clock_MKV58F24.o
#        C:\Users\Lenovo\Desktop\class3\SRTP\LQ_KV58F24第3版20180424\debug\obj\fsl_debug_console.o
#        C:\Users\Lenovo\Desktop\class3\SRTP\LQ_KV58F24第3版20180424\debug\obj\fsl_dmamux_hal.o
#        C:\Users\Lenovo\Desktop\class3\SRTP\LQ_KV58F24第3版20180424\debug\obj\fsl_hsadc_common.o
#        C:\Users\Lenovo\Desktop\class3\SRTP\LQ_KV58F24第3版20180424\debug\obj\fsl_hsadc_driver.o
#        C:\Users\Lenovo\Desktop\class3\SRTP\LQ_KV58F24第3版20180424\debug\obj\fsl_hsadc_hal.o
#        C:\Users\Lenovo\Desktop\class3\SRTP\LQ_KV58F24第3版20180424\debug\obj\fsl_hwtimer.o
#        C:\Users\Lenovo\Desktop\class3\SRTP\LQ_KV58F24第3版20180424\debug\obj\fsl_hwtimer_pit.o
#        C:\Users\Lenovo\Desktop\class3\SRTP\LQ_KV58F24第3版20180424\debug\obj\fsl_hwtimer_systick.o
#        C:\Users\Lenovo\Desktop\class3\SRTP\LQ_KV58F24第3版20180424\debug\obj\fsl_hwtimer_systick_irq.o
#        C:\Users\Lenovo\Desktop\class3\SRTP\LQ_KV58F24第3版20180424\debug\obj\fsl_interrupt_manager.o
#        C:\Users\Lenovo\Desktop\class3\SRTP\LQ_KV58F24第3版20180424\debug\obj\fsl_interrupt_manager_common.o
#        C:\Users\Lenovo\Desktop\class3\SRTP\LQ_KV58F24第3版20180424\debug\obj\fsl_interrupt_manager_irq.o
#        C:\Users\Lenovo\Desktop\class3\SRTP\LQ_KV58F24第3版20180424\debug\obj\fsl_llwu_hal.o
#        C:\Users\Lenovo\Desktop\class3\SRTP\LQ_KV58F24第3版20180424\debug\obj\fsl_mcg_hal.o
#        C:\Users\Lenovo\Desktop\class3\SRTP\LQ_KV58F24第3版20180424\debug\obj\fsl_mcg_hal_modes.o
#        C:\Users\Lenovo\Desktop\class3\SRTP\LQ_KV58F24第3版20180424\debug\obj\fsl_misc_utilities.o
#        C:\Users\Lenovo\Desktop\class3\SRTP\LQ_KV58F24第3版20180424\debug\obj\fsl_mscm_hal.o
#        C:\Users\Lenovo\Desktop\class3\SRTP\LQ_KV58F24第3版20180424\debug\obj\fsl_osc_hal.o
#        C:\Users\Lenovo\Desktop\class3\SRTP\LQ_KV58F24第3版20180424\debug\obj\fsl_port_hal.o
#        C:\Users\Lenovo\Desktop\class3\SRTP\LQ_KV58F24第3版20180424\debug\obj\fsl_power_manager.o
#        C:\Users\Lenovo\Desktop\class3\SRTP\LQ_KV58F24第3版20180424\debug\obj\fsl_rcm_hal.o
#        C:\Users\Lenovo\Desktop\class3\SRTP\LQ_KV58F24第3版20180424\debug\obj\fsl_sim_hal_MKV58F24.o
#        C:\Users\Lenovo\Desktop\class3\SRTP\LQ_KV58F24第3版20180424\debug\obj\fsl_smc_hal.o
#        C:\Users\Lenovo\Desktop\class3\SRTP\LQ_KV58F24第3版20180424\debug\obj\LPTMR.o
#        C:\Users\Lenovo\Desktop\class3\SRTP\LQ_KV58F24第3版20180424\debug\obj\LQ12864SPI.o
#        C:\Users\Lenovo\Desktop\class3\SRTP\LQ_KV58F24第3版20180424\debug\obj\LQ9AX.o
#        C:\Users\Lenovo\Desktop\class3\SRTP\LQ_KV58F24第3版20180424\debug\obj\LQ_KEY.o
#        C:\Users\Lenovo\Desktop\class3\SRTP\LQ_KV58F24第3版20180424\debug\obj\LQ_LED.o
#        C:\Users\Lenovo\Desktop\class3\SRTP\LQ_KV58F24第3版20180424\debug\obj\LQ_PLL.o
#        C:\Users\Lenovo\Desktop\class3\SRTP\LQ_KV58F24第3版20180424\debug\obj\LQ_SGP18T.o
#        C:\Users\Lenovo\Desktop\class3\SRTP\LQ_KV58F24第3版20180424\debug\obj\LQADC.o
#        C:\Users\Lenovo\Desktop\class3\SRTP\LQ_KV58F24第3版20180424\debug\obj\LQDMA.o
#        C:\Users\Lenovo\Desktop\class3\SRTP\LQ_KV58F24第3版20180424\debug\obj\LQFTM.o
#        C:\Users\Lenovo\Desktop\class3\SRTP\LQ_KV58F24第3版20180424\debug\obj\LQGPIO.o
#        C:\Users\Lenovo\Desktop\class3\SRTP\LQ_KV58F24第3版20180424\debug\obj\LQI2C.o
#        C:\Users\Lenovo\Desktop\class3\SRTP\LQ_KV58F24第3版20180424\debug\obj\LQIIC6050.o
#        C:\Users\Lenovo\Desktop\class3\SRTP\LQ_KV58F24第3版20180424\debug\obj\LQMT9V034.o
#        C:\Users\Lenovo\Desktop\class3\SRTP\LQ_KV58F24第3版20180424\debug\obj\LQPIT.o
#        C:\Users\Lenovo\Desktop\class3\SRTP\LQ_KV58F24第3版20180424\debug\obj\LQUART.o
#        C:\Users\Lenovo\Desktop\class3\SRTP\LQ_KV58F24第3版20180424\debug\obj\LQWDOG.o
#        C:\Users\Lenovo\Desktop\class3\SRTP\LQ_KV58F24第3版20180424\debug\obj\pin_mux.o
#        C:\Users\Lenovo\Desktop\class3\SRTP\LQ_KV58F24第3版20180424\debug\obj\print_scan.o
#        C:\Users\Lenovo\Desktop\class3\SRTP\LQ_KV58F24第3版20180424\debug\obj\startup.o
#        C:\Users\Lenovo\Desktop\class3\SRTP\LQ_KV58F24第3版20180424\debug\obj\startup_MKV58F24.o
#        C:\Users\Lenovo\Desktop\class3\SRTP\LQ_KV58F24第3版20180424\debug\obj\system_MKV58F24.o
#        --redirect _Printf=_PrintfSmallNoMb --redirect _Scanf=_ScanfSmallNoMb
#        --no_out_extension -o
#        C:\Users\Lenovo\Desktop\class3\SRTP\LQ_KV58F24第3版20180424\debug\gpio_example.out
#        --config_def __stack_size__=0x2000 --config_def __heap_size__=0x2000
#        --map
#        C:\Users\Lenovo\Desktop\class3\SRTP\LQ_KV58F24第3版20180424\debug\list\gpio_example.map
#        --config
#        C:\Users\Lenovo\Desktop\class3\SRTP\LQ_KV58F24第3版20180424/LQuser/devices/linker/MKV58F1M0xxx24_ram.icf
#        --semihosting --entry __iar_program_start --vfe --text_out locale)
#
###############################################################################

*******************************************************************************
*** MESSAGES
***

Warning[Lt009]: Inconsistent wchar_t size
            APPmain.o and 46 other objects have wchar_t size 16 bits
            LPTMR.o and 19 other objects, some of them in shb_l.a and 18 other
                      libraries have wchar_t size 32 bits


*******************************************************************************
*** RUNTIME MODEL ATTRIBUTES
***

CppFlavor       = *
__SystemLibrary = DLib
__dlib_version  = 6


*******************************************************************************
*** HEAP SELECTION
***

The basic heap was selected because no calls to memory allocation
functions were found in the application outside of system library
functions, and there are calls to deallocation functions in the
application.


*******************************************************************************
*** PLACEMENT SUMMARY
***

"A0":  place at 0x0 { ro section .intvec };
"P1":  place in [from 0x0 to 0x3ff] |
                [from 0x400 to 0xffff] { ro };
define block RW { rw };
"P2":  place in [from 0x2000'0000 to 0x2001'dfff] { block RW };
define block ZI { zi };
"P3":  place in [from 0x2000'0000 to 0x2001'dfff] { block ZI };
define block CSTACK with size = 8K, alignment = 8 { };
"P5":  place in [from 0x2001'e000 to 0x2001'ffff] { block CSTACK };

No sections matched the following patterns:

  section m_ocram  in "P6"


  Section          Kind         Address    Size  Object
  -------          ----         -------    ----  ------
"A0":                                     0x400
  .intvec          ro code          0x0   0x400  startup_MKV58F24.o [1]
                                - 0x400   0x400

"P1":                                    0x34f4
  .rodata          const          0x400   0x5f0  LQ12864SPI.o [1]
  .text            ro code        0x9f0   0x540  LQ12864SPI.o [1]
  .text            ro code        0xf30    0xb4  LQGPIO.o [1]
  .text            ro code        0xfe4   0x15c  LPTMR.o [1]
  .text            ro code       0x1140    0x40  sprintf.o [2]
  .text            ro code       0x1180   0x300  LQUART.o [1]
  .text            ro code       0x1480   0x1d8  LQ_LED.o [1]
  .text            ro code       0x1658   0x4d0  xprintfsmall_nomb.o [2]
  .text            ro code       0x1b28    0x16  strchr.o [4]
  .text            ro code       0x1b3e    0x3a  zero_init3.o [4]
  .text            ro code       0x1b78    0x40  xfail_s.o [2]
  .text            ro code       0x1bb8    0x36  strlen.o [4]
  .text            ro code       0x1bee     0xa  xsprout.o [2]
  .text            ro code       0x1bf8    0x58  memchr.o [4]
  .text            ro code       0x1c50     0x6  abort.o [2]
  .text            ro code       0x1c56     0x2  startup_MKV58F24.o [1]
  .text            ro code       0x1c58    0x14  exit.o [5]
  .text            ro code       0x1c6c   0x4c0  fsl_mcg_hal_modes.o [1]
  .text            ro code       0x212c   0x340  fsl_mcg_hal.o [1]
  .rodata          const         0x246c   0x340  LQ12864SPI.o [1]
  .text            ro code       0x27ac   0x320  fsl_clock_manager.o [1]
  .text            ro code       0x2acc    0x24  ABIassert.o [5]
  .text            ro code       0x2af0     0xc  fsl_osc_hal.o [1]
  .rodata          const         0x2afc   0x2f4  LQ12864SPI.o [1]
  .text            ro code       0x2df0   0x19c  LQ_PLL.o [1]
  .text            ro code       0x2f8c   0x180  fsl_smc_hal.o [1]
  .text            ro code       0x310c    0xcc  fsl_clock_MKV58F24.o [1]
  .text            ro code       0x31d8    0x86  ABImemcpy.o [4]
  .text            ro code       0x325e     0x2  startup_MKV58F24.o [1]
  .text            ro code       0x3260    0x3a  fsl_sim_hal_MKV58F24.o [1]
  .text            ro code       0x329a     0x2  startup_MKV58F24.o [1]
  .text            ro code       0x329c    0xc8  system_MKV58F24.o [1]
  .text            ro code       0x3364    0xa0  LQ_KEY.o [1]
  Veneer           ro code       0x3404     0x8  - Linker created -
  .text            ro code       0x340c    0x98  LQMT9V034.o [1]
  .rodata          const         0x34a4    0x64  fsl_clock_MKV58F24.o [1]
  .rodata          const         0x3508    0x60  fsl_clock_manager.o [1]
  .text            ro code       0x3568    0x58  APPmain.o [1]
  .text            ro code       0x35c0    0x50  LQPIT.o [1]
  .text            ro code       0x3610    0x44  fsl_hwtimer_systick.o [1]
  .text            ro code       0x3654    0x44  startup.o [1]
  .rodata          const         0x3698    0x40  fsl_clock_manager.o [1]
  .rodata          const         0x36d8    0x38  LQ12864SPI.o [1]
  .text            ro code       0x3710    0x28  data_init.o [4]
  .text            ro code       0x3738    0x22  fpinit_M.o [3]
  .iar.init_table  const         0x375c    0x10  - Linker created -
  .text            ro code       0x376c     0x2  startup_MKV58F24.o [1]
  .text            ro code       0x3770    0x1e  cmain.o [4]
  .text            ro code       0x378e     0x4  low_level_init.o [2]
  .text            ro code       0x3792     0x4  exit.o [2]
  .text            ro code       0x3796     0x2  startup_MKV58F24.o [1]
  .text            ro code       0x3798     0xa  cexit.o [4]
  .text            ro code       0x37a2     0x2  startup_MKV58F24.o [1]
  .text            ro code       0x37a4    0x1c  startup_MKV58F24.o [1]
  .rodata          const         0x37c0    0x18  LQ_PLL.o [1]
  .rodata          const         0x37d8    0x18  LQ_PLL.o [1]
  .rodata          const         0x37f0    0x18  LQ_PLL.o [1]
  .rodata          const         0x3808    0x18  LQ_PLL.o [1]
  .rodata          const         0x3820    0x18  LQ_PLL.o [1]
  .rodata          const         0x3838    0x18  LQ_PLL.o [1]
  .rodata          const         0x3850    0x14  APPmain.o [1]
  .rodata          const         0x3864    0x10  fsl_mcg_hal.o [1]
  .rodata          const         0x3874    0x10  LPTMR.o [1]
  .rodata          const         0x3884    0x10  LPTMR.o [1]
  .rodata          const         0x3894    0x10  LQ_PLL.o [1]
  .text            ro code       0x38a4    0x10  fsl_hwtimer_systick_irq.o [1]
  FlashConfig      ro code       0x38b4    0x10  startup_MKV58F24.o [1]
  .text            ro code       0x38c4     0xc  cstartup_M.o [4]
  .rodata          const         0x38d0     0x8  fsl_clock_manager.o [1]
  .rodata          const         0x38d8     0x8  fsl_clock_MKV58F24.o [1]
  .rodata          const         0x38e0     0x8  LQ_PLL.o [1]
  .rodata          const         0x38e8     0x4  fsl_clock_manager_common.o [1]
  .text            ro code       0x38ec     0x4  startup_MKV58F24.o [1]
  .text            ro code       0x38f0     0x2  startup_MKV58F24.o [1]
  .text            ro code       0x38f2     0x2  startup_MKV58F24.o [1]
  .rodata          const         0x38f4     0x0  zero_init3.o [4]
                               - 0x38f4  0x34f4

"P2-P3":                                 0x58a4
  RW                        0x2000'0000    0x6c  <Block>
    .data          rw data  0x2000'0000     0x4  fsl_mcg_hal.o [1]
    .data          rw data  0x2000'0004     0x4  fsl_mcg_hal.o [1]
    .data          rw data  0x2000'0008    0x18  LQUART.o [1]
    .data          rw data  0x2000'0020     0x4  system_MKV58F24.o [1]
    .textrw        ro code  0x2000'0024    0x48  LQMT9V034.o [1]
  ZI                        0x2000'006c  0x5838  <Block>
    .bss           zero     0x2000'006c     0x4  fsl_hwtimer_systick.o [1]
    .bss           zero     0x2000'0070     0x4  fsl_mcg_hal.o [1]
    .bss           zero     0x2000'0074     0x4  LQ_PLL.o [1]
    .bss           zero     0x2000'0078     0x4  LQ_PLL.o [1]
    .bss           zero     0x2000'007c  0x5820  LQMT9V034.o [1]
    .bss           zero     0x2000'589c     0x4  xfail_s.o [2]
    .bss           zero     0x2000'58a0     0x1  LQMT9V034.o [1]
    .bss           zero     0x2000'58a1     0x1  LQMT9V034.o [1]
                          - 0x2000'58a4  0x58a4

"P5":                                    0x2000
  CSTACK                    0x2001'e000  0x2000  <Block>
    CSTACK         uninit   0x2001'e000  0x2000  <Block tail>
                          - 0x2002'0000  0x2000

Unused ranges:

         From           To      Size
         ----           --      ----
       0x38f4       0xffff    0xc70c
  0x2000'58a4  0x2001'dfff  0x1'875c


*******************************************************************************
*** INIT TABLE
***

          Address      Size
          -------      ----
Zero (__iar_zero_init3)
    1 destination range, total size 0x5836:
          0x2000'006c  0x5836



*******************************************************************************
*** MODULE SUMMARY
***

    Module                      ro code  rw code  ro data  rw data
    ------                      -------  -------  -------  -------
command line/config:
    --------------------------------------------------------------
    Total:

C:\Users\Lenovo\Desktop\class3\SRTP\LQ_KV58F24第3版20180424\debug\obj: [1]
    APPmain.o                        88                20
    LPTMR.o                         348                32
    LQ12864SPI.o                  1 344             3 164
    LQGPIO.o                        180
    LQMT9V034.o                     152       72            22 562
    LQPIT.o                          80
    LQUART.o                        768                         24
    LQ_KEY.o                        160
    LQ_LED.o                        472
    LQ_PLL.o                        412               168        8
    fsl_clock_MKV58F24.o            204               108
    fsl_clock_manager.o             800               168
    fsl_clock_manager_common.o                          4
    fsl_hwtimer_systick.o            68                          4
    fsl_hwtimer_systick_irq.o        16
    fsl_mcg_hal.o                   832                16       12
    fsl_mcg_hal_modes.o           1 216
    fsl_osc_hal.o                    12
    fsl_sim_hal_MKV58F24.o           58
    fsl_smc_hal.o                   384
    startup.o                        68
    startup_MKV58F24.o            1 088
    system_MKV58F24.o               200                          4
    --------------------------------------------------------------
    Total:                        8 950       72    3 680   22 614

dl7M_tln.a: [2]
    abort.o                           6
    exit.o                            4
    low_level_init.o                  4
    sprintf.o                        64
    xfail_s.o                        64                          4
    xprintfsmall_nomb.o           1 232
    xsprout.o                        10
    --------------------------------------------------------------
    Total:                        1 384                          4

m7M_tls.a: [3]
    fpinit_M.o                       34
    --------------------------------------------------------------
    Total:                           34

rt7M_tl.a: [4]
    ABImemcpy.o                     134
    cexit.o                          10
    cmain.o                          30
    cstartup_M.o                     12
    data_init.o                      40
    memchr.o                         88
    strchr.o                         22
    strlen.o                         54
    zero_init3.o                     58
    --------------------------------------------------------------
    Total:                          448

shb_l.a: [5]
    ABIassert.o                      36
    exit.o                           20
    --------------------------------------------------------------
    Total:                           56

    Gaps                              2                 2
    Linker created                    8                16    8 192
------------------------------------------------------------------
    Grand Total:                 10 882       72    3 698   30 810


*******************************************************************************
*** ENTRY LIST
***

Entry                       Address    Size  Type      Object
-----                       -------    ----  ----      ------
.iar.init_table$$Base        0x375c           --   Gb  - Linker created -
.iar.init_table$$Limit       0x376c           --   Gb  - Linker created -
?main                        0x3771          Code  Gb  cmain.o [4]
BOARD_InitOsc0               0x2f29    0x1a  Code  Gb  LQ_PLL.o [1]
CLOCK_HAL_EnablePll0InFllMode
                             0x2381    0x34  Code  Gb  fsl_mcg_hal.o [1]
CLOCK_HAL_GetClkOutStat
                             0x27b9     0xe  Code  Lc  fsl_clock_manager.o [1]
CLOCK_HAL_GetClkOutStat
                             0x212d     0xe  Code  Lc  fsl_mcg_hal.o [1]
CLOCK_HAL_GetClkOutStat
                             0x1c6d     0xe  Code  Lc  fsl_mcg_hal_modes.o [1]
CLOCK_HAL_GetFllClk          0x2279    0x44  Code  Gb  fsl_mcg_hal.o [1]
CLOCK_HAL_GetFllRefClk       0x21f3    0x48  Code  Gb  fsl_mcg_hal.o [1]
CLOCK_HAL_GetFllSrc          0x1c7b     0xc  Code  Lc  fsl_mcg_hal_modes.o [1]
CLOCK_HAL_GetInternalRefClk
                             0x23b5    0x36  Code  Gb  fsl_mcg_hal.o [1]
CLOCK_HAL_GetInternalRefClkMode
                             0x27e3     0xc  Code  Lc  fsl_clock_manager.o [1]
CLOCK_HAL_GetInternalRefClkMode
                             0x2145     0xc  Code  Lc  fsl_mcg_hal.o [1]
CLOCK_HAL_GetInternalRefClkMode
                             0x1c87     0xc  Code  Lc  fsl_mcg_hal_modes.o [1]
CLOCK_HAL_GetMcgExternalClkFreq
                             0x21b7     0x8  Code  Lc  fsl_mcg_hal.o [1]
CLOCK_HAL_GetMcgMode         0x1ce7    0xa6  Code  Gb  fsl_mcg_hal_modes.o [1]
CLOCK_HAL_GetOutClk          0x23eb    0x3e  Code  Gb  fsl_mcg_hal.o [1]
CLOCK_HAL_GetOutDiv1         0x310d    0x12  Code  Lc  fsl_clock_MKV58F24.o [1]
CLOCK_HAL_GetPll0Clk         0x2335    0x4c  Code  Gb  fsl_mcg_hal.o [1]
CLOCK_HAL_GetPll0RefFreq
                             0x232d     0x8  Code  Gb  fsl_mcg_hal.o [1]
CLOCK_HAL_IsOsc0Stable       0x27fb    0x18  Code  Lc  fsl_clock_manager.o [1]
CLOCK_HAL_IsOsc0Stable       0x2181    0x18  Code  Lc  fsl_mcg_hal.o [1]
CLOCK_HAL_IsOsc0Stable       0x1ccf    0x18  Code  Lc  fsl_mcg_hal_modes.o [1]
CLOCK_HAL_IsPll0Locked       0x2151    0x18  Code  Lc  fsl_mcg_hal.o [1]
CLOCK_HAL_IsPll0Locked       0x1c9f    0x18  Code  Lc  fsl_mcg_hal_modes.o [1]
CLOCK_HAL_IsPllSelected
                             0x2169    0x18  Code  Lc  fsl_mcg_hal.o [1]
CLOCK_HAL_IsPllSelected
                             0x1cb7    0x18  Code  Lc  fsl_mcg_hal_modes.o [1]
CLOCK_HAL_PrepareOsc         0x2199    0x1e  Code  Gb  fsl_mcg_hal.o [1]
CLOCK_HAL_SetBlpeMode        0x2065    0x16  Code  Gb  fsl_mcg_hal_modes.o [1]
CLOCK_HAL_SetBlpiMode        0x202d    0x38  Code  Gb  fsl_mcg_hal_modes.o [1]
CLOCK_HAL_SetClkOutSrc       0x27ad     0xc  Code  Lc  fsl_clock_manager.o [1]
CLOCK_HAL_SetExternalRefClock32kSrc
                             0x311f     0xe  Code  Lc  fsl_clock_MKV58F24.o [1]
CLOCK_HAL_SetFbeMode         0x1f6b    0xc2  Code  Gb  fsl_mcg_hal_modes.o [1]
CLOCK_HAL_SetFbiMode         0x1eb5    0xb6  Code  Gb  fsl_mcg_hal_modes.o [1]
CLOCK_HAL_SetFeeMode         0x1e13    0xa2  Code  Gb  fsl_mcg_hal_modes.o [1]
CLOCK_HAL_SetFeiMode         0x1d8d    0x86  Code  Gb  fsl_mcg_hal_modes.o [1]
CLOCK_HAL_SetInternalRefClkEnableCmd
                             0x27c7     0xa  Code  Lc  fsl_clock_manager.o [1]
CLOCK_HAL_SetInternalRefClkEnableInStopCmd
                             0x27d1     0x8  Code  Lc  fsl_clock_manager.o [1]
CLOCK_HAL_SetInternalRefClkMode
                             0x27d9     0xa  Code  Lc  fsl_clock_manager.o [1]
CLOCK_HAL_SetInternalRefClkMode
                             0x213b     0xa  Code  Lc  fsl_mcg_hal.o [1]
CLOCK_HAL_SetOsc0Mode        0x2429    0x26  Code  Gb  fsl_mcg_hal.o [1]
CLOCK_HAL_SetOutDiv          0x3261    0x3a  Code  Gb  fsl_sim_hal_MKV58F24.o [1]
CLOCK_HAL_SetPbeMode         0x207b    0x8a  Code  Gb  fsl_mcg_hal_modes.o [1]
CLOCK_HAL_SetPeeMode         0x2105    0x1a  Code  Gb  fsl_mcg_hal_modes.o [1]
CLOCK_HAL_SetPll0EnableCmd
                             0x27ef     0xc  Code  Lc  fsl_clock_manager.o [1]
CLOCK_HAL_SetPll0EnableCmd
                             0x1c93     0xc  Code  Lc  fsl_mcg_hal_modes.o [1]
CLOCK_HAL_TestFllExternalRefFreq
                             0x21bf    0x34  Code  Gb  fsl_mcg_hal.o [1]
CLOCK_HAL_TestFllFreq        0x223b    0x3e  Code  Gb  fsl_mcg_hal.o [1]
CLOCK_HAL_TestFllFreq::fllFactorTable
                             0x3864    0x10  Data  Lc  fsl_mcg_hal.o [1]
CLOCK_HAL_UpdateFastClkInternalRefDiv
                             0x22bd    0x70  Code  Gb  fsl_mcg_hal.o [1]
CLOCK_SYS_FllStableDelay
                             0x2835    0x12  Code  Lc  fsl_clock_manager.o [1]
CLOCK_SYS_GetCoreClockFreq
                             0x31a5    0x18  Code  Gb  fsl_clock_MKV58F24.o [1]
CLOCK_SYS_McgModeToIdx       0x2847    0x32  Code  Lc  fsl_clock_manager.o [1]
CLOCK_SYS_OscInit            0x29e1    0x98  Code  Gb  fsl_clock_manager.o [1]
CLOCK_SYS_SetConfiguration
                             0x3151    0x54  Code  Gb  fsl_clock_MKV58F24.o [1]
CLOCK_SYS_SetMcgMode         0x2879   0x168  Code  Gb  fsl_clock_manager.o [1]
CLOCK_SYS_SetOscerConfigration
                             0x2a79    0x2c  Code  Gb  fsl_clock_manager.o [1]
CLOCK_SYS_SetSimConfigration
                             0x312d    0x24  Code  Gb  fsl_clock_MKV58F24.o [1]
CSTACK$$Base            0x2001'e000           --   Gb  - Linker created -
CSTACK$$Limit           0x2002'0000           --   Gb  - Linker created -
DMATransDataStart       0x2000'0025    0x3e  Code  Gb  LQMT9V034.o [1]
F14x16                       0x2afc   0x2f4  Data  Gb  LQ12864SPI.o [1]
F14x16_Idx                   0x36d8    0x38  Data  Gb  LQ12864SPI.o [1]
F8X16                         0x400   0x5f0  Data  Gb  LQ12864SPI.o [1]
Field_Over_Flag         0x2000'58a1     0x1  Data  Gb  LQMT9V034.o [1]
GPIO_Init                     0xf31    0x88  Code  Gb  LQGPIO.o [1]
GPIO_Reverse                  0xfb9     0xe  Code  Gb  LQGPIO.o [1]
HWTIMER_SYS_SystickIsrAction
                             0x3611    0x3a  Code  Gb  fsl_hwtimer_systick.o [1]
Image_Data              0x2000'007c  0x5820  Data  Gb  LQMT9V034.o [1]
KEY_Init                     0x3365    0x28  Code  Gb  LQ_KEY.o [1]
LCD_CLS                       0xb75    0x38  Code  Gb  LQ12864SPI.o [1]
LCD_Fill                      0xb39    0x3c  Code  Gb  LQ12864SPI.o [1]
LCD_Init                      0xbad   0x14c  Code  Gb  LQ12864SPI.o [1]
LCD_P14x16Str                 0xd9f   0x148  Code  Gb  LQ12864SPI.o [1]
LCD_P8x16Str                  0xcf9    0xa6  Code  Gb  LQ12864SPI.o [1]
LCD_Set_Pos                   0xb0f    0x2a  Code  Gb  LQ12864SPI.o [1]
LCD_Show_LQLogo               0xee7    0x34  Code  Gb  LQ12864SPI.o [1]
LCD_WrCmd                     0xa7d    0x92  Code  Gb  LQ12864SPI.o [1]
LCD_WrDat                     0x9f1    0x8c  Code  Gb  LQ12864SPI.o [1]
LED_Ctrl                     0x14b5   0x194  Code  Gb  LQ_LED.o [1]
LED_Init                     0x1481    0x34  Code  Gb  LQ_LED.o [1]
LPTMR0_IRQHandler            0x10b1     0xc  Code  Gb  LPTMR.o [1]
LPTMR_Pulse_Clean            0x1065    0x14  Code  Gb  LPTMR.o [1]
LPTMR_Pulse_Get              0x104f    0x16  Code  Gb  LPTMR.o [1]
LPTMR_Pulse_Init              0xfef    0x60  Code  Gb  LPTMR.o [1]
LPTMR_delay_ms               0x1079    0x38  Code  Gb  LPTMR.o [1]
Line_Cont               0x2000'58a0     0x1  Data  Gb  LQMT9V034.o [1]
LoadInt                      0x1877    0x56  Code  Lc  xprintfsmall_nomb.o [2]
OSC_HAL_SetCapacitor         0x2af1     0xc  Code  Gb  fsl_osc_hal.o [1]
OSC_HAL_SetExternalRefClkCmd
                             0x2813     0xa  Code  Lc  fsl_clock_manager.o [1]
OSC_HAL_SetExternalRefClkDiv
                             0x2827     0xe  Code  Lc  fsl_clock_manager.o [1]
OSC_HAL_SetExternalRefClkInStopModeCmd
                             0x281d     0xa  Code  Lc  fsl_clock_manager.o [1]
PIT0_IRQHandler              0x35c1    0x18  Code  Gb  LQPIT.o [1]
PIT1_IRQHandler              0x35d9     0xe  Code  Gb  LQPIT.o [1]
PIT2_IRQHandler              0x35e7     0xe  Code  Gb  LQPIT.o [1]
PIT3_IRQHandler              0x35f5     0xe  Code  Gb  LQPIT.o [1]
PLL150MHz                    0x37c0    0x18  Data  Gb  LQ_PLL.o [1]
PLL180MHz                    0x37d8    0x18  Data  Gb  LQ_PLL.o [1]
PLL200MHz                    0x37f0    0x18  Data  Gb  LQ_PLL.o [1]
PLL235MHz                    0x3808    0x18  Data  Gb  LQ_PLL.o [1]
PLL250MHz                    0x3820    0x18  Data  Gb  LQ_PLL.o [1]
PLL275MHz                    0x3838    0x18  Data  Gb  LQ_PLL.o [1]
PLL_Init                     0x2df5   0x134  Code  Gb  LQ_PLL.o [1]
PORTB_IRQHandler             0x338d    0x70  Code  Gb  LQ_KEY.o [1]
PORTD_IRQHandler             0x340d    0x86  Code  Gb  LQMT9V034.o [1]
RW$$Base                0x2000'0000           --   Gb  - Linker created -
RW$$Limit               0x2000'006c           --   Gb  - Linker created -
Region$$Table$$Base          0x375c           --   Gb  - Linker created -
Region$$Table$$Limit         0x376c           --   Gb  - Linker created -
SCB_EnableDCache             0x32c1    0x54  Code  Lc  system_MKV58F24.o [1]
SCB_EnableICache             0x329d    0x24  Code  Lc  system_MKV58F24.o [1]
SMC_HAL_GetStat              0x3109     0x4  Code  Gb  fsl_smc_hal.o [1]
SMC_HAL_SetMode              0x2fdb   0x120  Code  Gb  fsl_smc_hal.o [1]
SMC_HAL_SetPowerModeHsrun
                             0x2fc1    0x1a  Code  Lc  fsl_smc_hal.o [1]
SMC_HAL_SetPowerModeRun
                             0x2f8d    0x1a  Code  Lc  fsl_smc_hal.o [1]
SMC_HAL_SetPowerModeVlpr
                             0x2fa7    0x1a  Code  Lc  fsl_smc_hal.o [1]
SMC_HAL_SetProtection        0x2df1     0x4  Code  Lc  LQ_PLL.o [1]
SysTick_Handler              0x38a5    0x10  Code  Gb  fsl_hwtimer_systick_irq.o [1]
SystemCoreClock         0x2000'0020     0x4  Data  Gb  system_MKV58F24.o [1]
SystemInit                   0x3315    0x30  Code  Gb  system_MKV58F24.o [1]
Test_LPTMR_Counter           0x10bd    0x5a  Code  Gb  LPTMR.o [1]
UART0_RX_TX_IRQHandler       0x13bb    0x14  Code  Gb  LQUART.o [1]
UART1_RX_TX_IRQHandler       0x13cf    0x14  Code  Gb  LQUART.o [1]
UART2_RX_TX_IRQHandler       0x13e3    0x14  Code  Gb  LQUART.o [1]
UART3_RX_TX_IRQHandler       0x13f7    0x14  Code  Gb  LQUART.o [1]
UART4_RX_TX_IRQHandler       0x140b    0x1c  Code  Gb  LQUART.o [1]
UART5_RX_TX_IRQHandler       0x1427    0x14  Code  Gb  LQUART.o [1]
UARTN                   0x2000'0008    0x18  Data  Gb  LQUART.o [1]
UART_Get_Char                0x1367    0x1e  Code  Gb  LQUART.o [1]
UART_Init                    0x1181   0x1e6  Code  Gb  LQUART.o [1]
UART_Put_Char                0x1385    0x1a  Code  Gb  LQUART.o [1]
UART_Put_Str                 0x139f    0x1c  Code  Gb  LQUART.o [1]
ZI$$Base                0x2000'006c           --   Gb  - Linker created -
ZI$$Limit               0x2000'58a4           --   Gb  - Linker created -
_LitobSmallNoMb              0x1a09    0xce  Code  Lc  xprintfsmall_nomb.o [2]
_PrintfSmallNoMb             0x1659   0x214  Code  Gb  xprintfsmall_nomb.o [2]
_PutcharsSmallNoMb           0x1ad7    0x2e  Code  Lc  xprintfsmall_nomb.o [2]
_PutfldSmallNoMb             0x18cd   0x13c  Code  Lc  xprintfsmall_nomb.o [2]
_SProut                      0x1bef     0xa  Code  Gb  xsprout.o [2]
__RAM_VECTOR_TABLE_SIZE {Abs}
                                0x0          Data  Gb  <internal module>
__VECTOR_RAM {Abs}              0x0          Data  Gb  <internal module>
__VECTOR_TABLE {Abs}            0x0          Data  Gb  <internal module>
__Vectors                       0x0           --   Gb  startup_MKV58F24.o [1]
__Vectors_End                 0x400          Data  Gb  startup_MKV58F24.o [1]
__Vectors_Size {Abs}          0x400           --   Gb  startup_MKV58F24.o [1]
__aeabi_assert               0x2acd    0x24  Code  Gb  ABIassert.o [5]
__aeabi_memcpy4              0x31d9          Code  Gb  ABImemcpy.o [4]
__aeabi_memcpy8              0x31d9          Code  Gb  ABImemcpy.o [4]
__cmain                      0x3771          Code  Gb  cmain.o [4]
__exit                       0x1c59    0x14  Code  Gb  exit.o [5]
__iar_Fail_s                 0x1b79    0x1c  Code  Gb  xfail_s.o [2]
__iar_Memchr                 0x1bf9          Code  Gb  memchr.o [4]
__iar_Strchr                 0x1b29          Code  Gb  strchr.o [4]
__iar_data_init3             0x3711    0x28  Code  Gb  data_init.o [4]
__iar_init_vfp               0x3739          Code  Gb  fpinit_M.o [3]
__iar_program_start          0x38c5          Code  Gb  cstartup_M.o [4]
__iar_zero_init3             0x1b3f    0x3a  Code  Gb  zero_init3.o [4]
__low_level_init             0x378f     0x4  Code  Gb  low_level_init.o [2]
__vector_table                  0x0          Data  Gb  startup_MKV58F24.o [1]
__vector_table_0x1c            0x1c          Data  Gb  startup_MKV58F24.o [1]
_call_main                   0x377d          Code  Gb  cmain.o [4]
_exit                        0x3799          Code  Gb  cexit.o [4]
_main                        0x378b          Code  Gb  cmain.o [4]
abort                        0x1c51     0x6  Code  Gb  abort.o [2]
bus_clk_M               0x2000'0078     0x4  Data  Gb  LQ_PLL.o [1]
core_clk_M              0x2000'0074     0x4  Data  Gb  LQ_PLL.o [1]
exit                         0x3793     0x4  Code  Gb  exit.o [2]
g_fastInternalRefClkFreq
                        0x2000'0000     0x4  Data  Gb  fsl_mcg_hal.o [1]
g_hwtimersSystick       0x2000'006c     0x4  Data  Lc  fsl_hwtimer_systick.o [1]
g_oscBase                    0x38e8     0x4  Data  Gb  fsl_clock_manager_common.o [1]
g_slowInternalRefClkFreq
                        0x2000'0004     0x4  Data  Gb  fsl_mcg_hal.o [1]
g_xtal0ClkFreq          0x2000'0070     0x4  Data  Gb  fsl_mcg_hal.o [1]
init_data_bss                0x3655    0x44  Code  Gb  startup.o [1]
longqiu104x64                0x246c   0x340  Data  Gb  LQ12864SPI.o [1]
main                         0x3569    0x58  Code  Gb  APPmain.o [1]
mcgModeMatrix                0x3698    0x40  Data  Lc  fsl_clock_manager.o [1]
memchr                       0x1bf9          Code  Gb  memchr.o [4]
sec_hand                0x2000'589c     0x4  Data  Lc  xfail_s.o [2]
sprintf                      0x1141    0x40  Code  Gb  sprintf.o [2]
strchr                       0x1b29          Code  Gb  strchr.o [4]
strlen                       0x1bb9          Code  Gb  strlen.o [4]
time_delay_ms                 0xfe5     0xa  Code  Gb  LPTMR.o [1]


[1] = C:\Users\Lenovo\Desktop\class3\SRTP\LQ_KV58F24第3版20180424\debug\obj
[2] = dl7M_tln.a
[3] = m7M_tls.a
[4] = rt7M_tl.a
[5] = shb_l.a

  10 882 bytes of readonly  code memory
      72 bytes of readwrite code memory
   3 698 bytes of readonly  data memory
  30 810 bytes of readwrite data memory

Errors: none
Warnings: 1
